Archive member included to satisfy reference by file (symbol)

lib/libdriver.a(I2C.o)        objs/ext/imx307/imx307.o (fh_i2c_write)
lib/libdriver.a(sadc.o)       objs/ext/sensor_common.o (Sadc_Val_Convert)
lib/libisp.a(ae_ctrl.o)       objs/ext/imx307/imx307.o (get_curr_FH)
lib/libisp.a(stat.o)          lib/libisp.a(ae_ctrl.o) (histStat)
lib/libisp.a(wdr_ctrl.o)      objs/ext/imx307/imx307.o (act_Exposure_Ratio)
lib/libsys.a(interrupt.o)     objs/./bootrom_gnu.o (_interrupt_handler)
lib/libsys.a(main.o)          objs/./bootrom_gnu.o (main)
lib/libsys.a(memoryload.o)    lib/libsys.a(main.o) (drvRegCom_Init)
lib/libsys.a(rx_run.o)        objs/ext/sensor_common.o (rx_run)
lib/libmisc.a(alg.o)          lib/libisp.a(ae_ctrl.o) (isqrt)
lib/libmisc.a(command.o)      lib/libsys.a(memoryload.o) (load_regTable)
lib/libmisc.a(crc.o)          lib/libsys.a(memoryload.o) (calcCRC)
lib/libmisc.a(dbgif.o)        lib/libsys.a(main.o) (Debug_Handle)
lib/libmisc.a(drv_isp.o)      lib/libsys.a(main.o) (InitDrv)
lib/libmisc.a(fhprintf.o)     objs/ext/sensor_common.o (fh_printf)
lib/libmisc.a(fifo.o)         lib/libmisc.a(dbgif.o) (Fifo_Init)
lib/libmisc.a(isp_common.o)   objs/ext/sensor_common.o (Isp_SetReg)
lib/libmisc.a(misc.o)         lib/libsys.a(main.o) (Watchdog_Ctrl)
lib/libmisc.a(tab.o)          lib/libisp.a(wdr_ctrl.o) (wdr_merge_curve)
lib/libmisc.a(txrx.o)         lib/libsys.a(rx_run.o) (split_xvi_rx_data)
lib/libmisc.a(txrx_handle.o)  lib/libsys.a(rx_run.o) (g_ptz_checksum_err)
lib/libmisc.a(udelay.o)       objs/ext/sensor_common.o (mdelay)
lib/libtosd.a(osd_main.o)     lib/libsys.a(main.o) (tosd_init)
lib/libtosd.a(osd_screen.o)   lib/libtosd.a(osd_main.o) (screen_initilize)
lib/libtosd.a(osd_stream.o)   lib/libtosd.a(osd_screen.o) (getDisplayBuffer)
lib/libtosd.a(user_font.o)    lib/libtosd.a(osd_main.o) (alnum_str_to_font_index)
lib/libtosd.a(user_interface.o)
                              lib/libtosd.a(osd_main.o) (choose_fontsize)
lib/libtosd.a(dirty_interface.o)
                              lib/libtosd.a(osd_main.o) (syncFontConfigWithDrvReg)
lib/libtosd.a(osd_driver.o)   lib/libtosd.a(osd_screen.o) (OSD_driver_SetStream)
lib/libtosd.a(osd_font.o)     lib/libtosd.a(osd_main.o) (initializeFontConfig)
lib/libtosd.a(osd_highlight.o)
                              lib/libtosd.a(osd_main.o) (osd_highlight_refresh)
lib/libvsprintf.a(vsprintf.o)
                              lib/libmisc.a(fhprintf.o) (vsprintf)
lib/libvsprintf.a(ctype.o)    lib/libvsprintf.a(vsprintf.o) (_ctype)
lib/libvsprintf.a(div64.o)    lib/libvsprintf.a(vsprintf.o) (__div64_32)
lib/libevent.a(event_module_ex.o)
                              objs/ext/sensor_common.o (event_init_ex)
lib/libevent.a(osd_event_ex.o)
                              lib/libevent.a(event_module_ex.o) (event_initialize)
lib/libevent.a(osd_timer_ex.o)
                              lib/libevent.a(osd_event_ex.o) (softTimer_initialize)
lib/libvideobuf.a(buf_switch_cfg.o)
                              lib/libsys.a(main.o) (buf_init)
lib/libvideobuf.a(triple_video_buf.o)
                              lib/libvideobuf.a(buf_switch_cfg.o) (tripleVideoBuf_init)
lib/libvideobuf.a(video_buf.o)
                              lib/libvideobuf.a(buf_switch_cfg.o) (videoBuf_init)
lib/libdriver.a(fh_timer.o)   lib/libsys.a(interrupt.o) (timer_get_eoi)
lib/libdriver.a(flash_mem.o)  lib/libmisc.a(misc.o) (iFlash_Init)
lib/libdriver.a(mipi.o)       lib/libmisc.a(misc.o) (Mipi_Init)
lib/libdriver.a(pmu.o)        lib/libmisc.a(misc.o) (Pmu_Set_Pin_Mux)
lib/libdriver.a(pwm.o)        lib/libisp.a(ae_ctrl.o) (SetPWMX)
lib/libdriver.a(spi.o)        lib/libdriver.a(flash_mem.o) (Spi_Enable)
lib/libdriver.a(uart.o)       lib/libmisc.a(misc.o) (Uart_Read_Control_Status)
lib/libdriver.a(gpio.o)       lib/libdriver.a(spi.o) (Gpio_SetPortX)
lib/libisp.a(af_sharpness_ctrl.o)
                              lib/libmisc.a(drv_isp.o) (Af_Sharpness_Ctrl)
lib/libisp.a(apc_ctrl.o)      lib/libmisc.a(drv_isp.o) (Apc_Ctrl)
lib/libisp.a(awb_ctrl.o)      lib/libmisc.a(drv_isp.o) (Awb_Ctrl)
lib/libisp.a(blc_ctrl.o)      lib/libmisc.a(drv_isp.o) (Blc_Ctrl)
lib/libisp.a(ccm_ctrl.o)      lib/libmisc.a(drv_isp.o) (Ccm_Ctrl)
lib/libisp.a(cnr_ctrl.o)      lib/libmisc.a(drv_isp.o) (Cnr_Ctrl)
lib/libisp.a(dpc_ctrl.o)      lib/libmisc.a(drv_isp.o) (Dpc_Ctrl)
lib/libisp.a(gamma_ctrl.o)    lib/libsys.a(interrupt.o) (gamma_refresh)
lib/libisp.a(gb_ctrl.o)       lib/libmisc.a(drv_isp.o) (Gb_Ctrl)
lib/libisp.a(irc_ctrl.o)      lib/libmisc.a(drv_isp.o) (Irc_Ctrl)
lib/libisp.a(lc_ctrl.o)       lib/libmisc.a(drv_isp.o) (Lc_Ctrl)
lib/libisp.a(ltm_ctrl.o)      lib/libsys.a(main.o) (Ltm_SetAutoCurve)
lib/libisp.a(md_ctrl.o)       lib/libmisc.a(drv_isp.o) (MD_Ctrl)
lib/libisp.a(nr2d_ctrl.o)     lib/libmisc.a(drv_isp.o) (Nr2d_Ctrl)
lib/libisp.a(nr3d_ctrl.o)     lib/libmisc.a(drv_isp.o) (Nr3d_Ctrl)
lib/libisp.a(shield_ctrl.o)   lib/libmisc.a(drv_isp.o) (Shield_Ctrl)
lib/libisp.a(yc_ctrl.o)       lib/libmisc.a(drv_isp.o) (Yc_Ctrl)
[...]
Memory Configuration

Name             Origin             Length             Attributes
RAM_MEM          0xc0000000         0x00038000         xrw
astack           0xc0038000         0x00008000         xrw
IPF_PKG          0xc0040000         0x00000600         rw
IPB_PKG          0xc0040600         0x00000400         rw
drv_reg          0xc0041000         0x00001000         rw
drv_data         0xc0050000         0x00009000         rw
osd_data         0xc07c0000         0x00040000         rw
*default*        0x00000000         0xffffffff

Linker script and memory map

LOAD objs/ext/clk_cfg.o
LOAD objs/ext/format_ctrl.o
LOAD objs/ext/osd_patch.o
LOAD objs/ext/sensor_common.o
LOAD objs/ext/status_osd.o
LOAD objs/ext/xmi_distance_adaptive.o
LOAD objs/ext/imx307/imx307_attr.o
LOAD objs/ext/imx307/imx307.o
LOAD objs/./bootrom_gnu.o
LOAD objs/./udelay_asm.o
START GROUP
LOAD lib/libdriver.a
LOAD lib/libisp.a
LOAD lib/libsys.a
LOAD lib/libmisc.a
LOAD lib/libtosd.a
LOAD lib/libvsprintf.a
LOAD lib/libevent.a
LOAD lib/libvideobuf.a
END GROUP
LOAD /home/fullhan/toolchain/arc-fullhan-elf32/bin/../lib/gcc/arc-fullhan-elf32/4.8.5/libgcc.a
LOAD /home/fullhan/toolchain/arc-fullhan-elf32/bin/../lib/gcc/arc-fullhan-elf32/4.8.5/../../../../arc-fullhan-elf32/lib/libc.a
LOAD /home/fullhan/toolchain/arc-fullhan-elf32/bin/../lib/gcc/arc-fullhan-elf32/4.8.5/libgcc.a
                0x00000000                __HEAP_SIZE = 0x0
                0x00008000                __STACKSIZE = 0x8000
                0xc0038000                __STACKSTART = ORIGIN (astack)
                0x00008000                _AVE_STREAM_SIZE = 0x8000
                0x00006000                _OSD_LANGUAGESIZE = 0x6000
                0x0001e000                _OSD_FONTSIZE = 0x1e000
                0x00001000                _OSD_STREAMSIZE = 0x1000
                0xc0050000                _DRV_REG_COM_START = ORIGIN (drv_data)
                0xc0051000                _DRV_REG_B_START = (_DRV_REG_COM_START + 0x1000)
                0xc0052000                _DRV_REG_T_START = (_DRV_REG_B_START + 0x1000)
                0xc0053000                _DRV_REG_A_START = (_DRV_REG_T_START + 0x1000)
                0xc0054000                _DRV_REG_C_START = (_DRV_REG_A_START + 0x1000)
                0xc0055000                _DRV_TAB_B_START = (_DRV_REG_C_START + 0x1000)
                0xc0056000                _DRV_TAB_T_START = (_DRV_TAB_B_START + 0x1000)
                0xc0057000                _DRV_TAB_A_START = (_DRV_TAB_T_START + 0x1000)
                0xc0058000                _DRV_TAB_C_START = (_DRV_TAB_A_START + 0x1000)
                0xc0059000                _DRV_TAB_END = (_DRV_TAB_C_START + 0x1000)
                0xc07c0000                _OSD_STREAM_START = ORIGIN (osd_data)
                0xc07c1000                _OSD_LANGUAGE_START = (_OSD_STREAM_START + _OSD_STREAMSIZE)
                0xc07c7000                _OSD_FONT_START = (_OSD_LANGUAGE_START + _OSD_LANGUAGESIZE)
                0xc07e5000                _OSD_GRAPH_START = (_OSD_FONT_START + _OSD_FONTSIZE)

.entry_section  0xc0000000      0x888
 *(.entry_section)
 .entry_section
                0xc0000000      0x888 objs/./bootrom_gnu.o
                0xc0000000                _reset
                0xc00000c8                _start
                0xc00000fc                _init_stack

.init
 *(.init)

.text           0xc0000888    0x13f78
 *(.text .stub .text.* .gnu.linkonce.t.*)
 .text.SetFmtClock
                0xc0000888       0xd0 objs/ext/clk_cfg.o
                0xc0000888                SetFmtClock
 .text.get_hd_by_gpio
                0xc0000958       0x20 objs/ext/format_ctrl.o
                0xc0000958                get_hd_by_gpio
 .text.init_format_ctrl
                0xc0000978       0x94 objs/ext/format_ctrl.o
                0xc0000978                init_format_ctrl
 .text.get_hd_id
                0xc0000a0c       0x2c objs/ext/format_ctrl.o
                0xc0000a0c                get_hd_id
 .text.get_video_stand
                0xc0000a38       0x30 objs/ext/format_ctrl.o
                0xc0000a38                get_video_stand
 .text.get_video_format
                0xc0000a68       0x98 objs/ext/format_ctrl.o
                0xc0000a68                get_video_format
 .text.SetBayerFmtCfg
                0xc0000b00      0x114 objs/ext/sensor_common.o
                0xc0000b00                SetBayerFmtCfg
 .text.SetInputPicSize
                0xc0000c14      0x468 objs/ext/sensor_common.o
                0xc0000c14                SetInputPicSize
 .text.SetOutputPicSize
                0xc000107c       0x48 objs/ext/sensor_common.o
                0xc000107c                SetOutputPicSize
 .text.xvi_cmd_parse
                0xc00010c4       0xc0 objs/ext/sensor_common.o
                0xc00010c4                xvi_cmd_parse
 .text.AVE_Cfg  0xc0001184      0x1b0 objs/ext/sensor_common.o
                0xc0001184                AVE_Cfg
 .text.wdr_ae_win_ctrl
                0xc0001334      0x124 objs/ext/sensor_common.o
                0xc0001334                wdr_ae_win_ctrl
 .text.patch_func
                0xc0001458      0x644 objs/ext/sensor_common.o
                0xc0001458                patch_func
 .text.osd_val_refresh
                0xc0001a9c      0x28c objs/ext/status_osd.o
                0xc0001a9c                osd_val_refresh
 .text.osd_refresh_main
                0xc0001d28        0x8 objs/ext/status_osd.o
                0xc0001d28                osd_refresh_main
 .text.xmi_distance_adaptive
                0xc0001d30      0x180 objs/ext/xmi_distance_adaptive.o
                0xc0001d30                xmi_distance_adaptive
 .text.imx307_get_curr_FH
                0xc0001eb0       0x1c objs/ext/imx307/imx307.o
                0xc0001eb0                imx307_get_curr_FH
 .text.InitSensor
                0xc0001ecc      0x278 objs/ext/imx307/imx307.o
                0xc0001ecc                InitSensor
 .text.GetSensorGain
                0xc0002144       0x20 objs/ext/imx307/imx307.o
                0xc0002144                GetSensorGain
 .text.SetSensorGain
                0xc0002164       0x38 objs/ext/imx307/imx307.o
                0xc0002164                SetSensorGain
 .text.GetSHS2  0xc000219c       0x50 objs/ext/imx307/imx307.o
                0xc000219c                GetSHS2
 .text.GetSensorIntt
                0xc00021ec       0x2c objs/ext/imx307/imx307.o
                0xc00021ec                GetSensorIntt
 .text.SetSensorIntt
                0xc0002218       0xf8 objs/ext/imx307/imx307.o
                0xc0002218                SetSensorIntt
 .text.InitDrvSensorDp
                0xc0002310      0x300 objs/ext/imx307/imx307.o
                0xc0002310                InitDrvSensorDp
 .text.ExposureRatioTakeEffect
                0xc0002610       0x98 objs/ext/imx307/imx307.o
                0xc0002610                ExposureRatioTakeEffect
 .text.sensor_specific_patch_func
                0xc00026a8      0x134 objs/ext/imx307/imx307.o
                0xc00026a8                sensor_specific_patch_func
 .text.SetSensorFrameHeight
                0xc00027dc       0xe4 objs/ext/imx307/imx307.o
                0xc00027dc                SetSensorFrameHeight
 .text.FpnParamCalc
                0xc00028c0        0x4 objs/ext/imx307/imx307.o
                0xc00028c0                FpnParamCalc
 .text          0xc00028c4       0x10 objs/./udelay_asm.o
                0xc00028c4                _wait
 .text.i2c_disable
                0xc00028d4       0x2c lib/libdriver.a(I2C.o)
                0xc00028d4                i2c_disable
 .text.i2c_init
                0xc0002900       0x60 lib/libdriver.a(I2C.o)
                0xc0002900                i2c_init
 .text.fh_i2c_write
                0xc0002960      0x104 lib/libdriver.a(I2C.o)
                0xc0002960                fh_i2c_write
 .text.fh_i2c_read
                0xc0002a64      0x1cc lib/libdriver.a(I2C.o)
                0xc0002a64                fh_i2c_read
 .text.E2P_Page_Write
                0xc0002c30      0x1a0 lib/libdriver.a(I2C.o)
                0xc0002c30                E2P_Page_Write
 .text.E2P_len_Read
                0xc0002dd0       0xec lib/libdriver.a(I2C.o)
                0xc0002dd0                E2P_len_Read
 .text.Sadc_Val_Convert
                0xc0002ebc        0x8 lib/libdriver.a(sadc.o)
                0xc0002ebc                Sadc_Val_Convert
 .text.Sadc_Init
                0xc0002ec4       0x44 lib/libdriver.a(sadc.o)
                0xc0002ec4                Sadc_Init
 .text.DrvGainControl
                0xc0002f08       0x74 lib/libisp.a(ae_ctrl.o)
                0xc0002f08                DrvGainControl
 .text.SetSensorInttFine
                0xc0002f7c      0x284 lib/libisp.a(ae_ctrl.o)
                0xc0002f7c                SetSensorInttFine
 .text.Ae_GetStatistic
                0xc0003200       0x4c lib/libisp.a(ae_ctrl.o)
                0xc0003200                Ae_GetStatistic
 .text.Ae_BlkSort
                0xc000324c       0xc4 lib/libisp.a(ae_ctrl.o)
                0xc000324c                Ae_BlkSort
 .text.Ae_Mode_Ctrl
                0xc0003310      0x438 lib/libisp.a(ae_ctrl.o)
                0xc0003310                Ae_Mode_Ctrl
 .text.Ae_Adaptive_Target_Luma
                0xc0003748      0x148 lib/libisp.a(ae_ctrl.o)
                0xc0003748                Ae_Adaptive_Target_Luma
 .text.Ae_GetOperationStatus
                0xc0003890       0xdc lib/libisp.a(ae_ctrl.o)
                0xc0003890                Ae_GetOperationStatus
 .text.Ae_GetCurrFrameHeight
                0xc000396c       0x70 lib/libisp.a(ae_ctrl.o)
                0xc000396c                Ae_GetCurrFrameHeight
 .text.Ae_Adjust
                0xc00039dc      0x730 lib/libisp.a(ae_ctrl.o)
                0xc00039dc                Ae_Adjust
 .text.Ae_Manual_Ctrl
                0xc000410c      0x280 lib/libisp.a(ae_ctrl.o)
                0xc000410c                Ae_Manual_Ctrl
 .text.Ae_Sens_Up_Patch
                0xc000438c       0xb8 lib/libisp.a(ae_ctrl.o)
                0xc000438c                Ae_Sens_Up_Patch
 .text.Ae_Iris_Set_Duty_Cycle
                0xc0004444       0x18 lib/libisp.a(ae_ctrl.o)
                0xc0004444                Ae_Iris_Set_Duty_Cycle
 .text.Ae_Adjust_Iris
                0xc000445c       0x68 lib/libisp.a(ae_ctrl.o)
                0xc000445c                Ae_Adjust_Iris
 .text.Ae_Ctrl  0xc00044c4       0xdc lib/libisp.a(ae_ctrl.o)
                0xc00044c4                Ae_Ctrl
 .text.Ae_ChangeInit
                0xc00045a0       0x18 lib/libisp.a(ae_ctrl.o)
                0xc00045a0                Ae_ChangeInit
 .text.Ae_Init2
                0xc00045b8       0x4c lib/libisp.a(ae_ctrl.o)
                0xc00045b8                Ae_Init2
 .text.Ae_Init  0xc0004604       0x58 lib/libisp.a(ae_ctrl.o)
                0xc0004604                Ae_Init
 .text.Stat_GetMDData
                0xc000465c       0x2c lib/libisp.a(stat.o)
                0xc000465c                Stat_GetMDData
 .text.Stat_GetGLData
                0xc0004688       0x4c lib/libisp.a(stat.o)
                0xc0004688                Stat_GetGLData
 .text.Stat_GetHistData
                0xc00046d4       0x38 lib/libisp.a(stat.o)
                0xc00046d4                Stat_GetHistData
 .text.Stat_GetAeData
                0xc000470c       0x48 lib/libisp.a(stat.o)
                0xc000470c                Stat_GetAeData
 .text.Stat_GetAwbData
                0xc0004754       0x60 lib/libisp.a(stat.o)
                0xc0004754                Stat_GetAwbData
 .text.Stat_GetAfData
                0xc00047b4       0x68 lib/libisp.a(stat.o)
                0xc00047b4                Stat_GetAfData
 .text.Stat_Init
                0xc000481c       0x10 lib/libisp.a(stat.o)
                0xc000481c                Stat_Init
 .text.Wdr_Gain_Cfg
                0xc000482c       0x40 lib/libisp.a(wdr_ctrl.o)
                0xc000482c                Wdr_Gain_Cfg
 .text.Wdr_Sframe_Luma_Corr
                0xc000486c      0x154 lib/libisp.a(wdr_ctrl.o)
                0xc000486c                Wdr_Sframe_Luma_Corr
 .text.Wdr_Merge_Twoframes
                0xc00049c0       0x5c lib/libisp.a(wdr_ctrl.o)
                0xc00049c0                Wdr_Merge_Twoframes
 .text.Wdr_Merge_Longframe_Only
                0xc0004a1c       0x90 lib/libisp.a(wdr_ctrl.o)
                0xc0004a1c                Wdr_Merge_Longframe_Only
 .text.Wdr_Merge_Shortframe_Only
                0xc0004aac       0xd4 lib/libisp.a(wdr_ctrl.o)
                0xc0004aac                Wdr_Merge_Shortframe_Only
 .text.Wdr_Ctrl
                0xc0004b80      0x1e0 lib/libisp.a(wdr_ctrl.o)
                0xc0004b80                Wdr_Ctrl
 .text._interrupt_handler
                0xc0004d60      0x280 lib/libsys.a(interrupt.o)
                0xc0004d60                _interrupt_handler
 .text._uart0_handler
                0xc0004fe0       0x48 lib/libsys.a(interrupt.o)
                0xc0004fe0                _uart0_handler
 .text._gpio_handler
                0xc0005028       0x2c lib/libsys.a(interrupt.o)
                0xc0005028                _gpio_handler
 .text._ave_handler
                0xc0005054       0x3c lib/libsys.a(interrupt.o)
                0xc0005054                _ave_handler
 .text._timer_handler
                0xc0005090       0x20 lib/libsys.a(interrupt.o)
                0xc0005090                _timer_handler
 .text._arc_timer_handler
                0xc00050b0        0x4 lib/libsys.a(interrupt.o)
                0xc00050b0                _arc_timer_handler
 .text.startup.main
                0xc00050b4      0x2a8 lib/libsys.a(main.o)
                0xc00050b4                main
 .text.drvRegCom_Init
                0xc000535c       0x98 lib/libsys.a(memoryload.o)
                0xc000535c                drvRegCom_Init
 .text.LoadDrvRegPara
                0xc00053f4       0xb4 lib/libsys.a(memoryload.o)
                0xc00053f4                LoadDrvRegPara
 .text.LoadAveStream
                0xc00054a8       0xd0 lib/libsys.a(memoryload.o)
                0xc00054a8                LoadAveStream
 .text.LoadFlashData
                0xc0005578        0x8 lib/libsys.a(memoryload.o)
                0xc0005578                LoadFlashData
 .text.rx_run   0xc0005580      0x31c lib/libsys.a(rx_run.o)
                0xc0005580                rx_run
 .text.isqrt    0xc000589c       0x28 lib/libmisc.a(alg.o)
                0xc000589c                isqrt
 .text.leadingOne
                0xc00058c4       0x10 lib/libmisc.a(alg.o)
                0xc00058c4                leadingOne
 .text.interpolate
                0xc00058d4       0x6c lib/libmisc.a(alg.o)
                0xc00058d4                interpolate
 .text.interp1  0xc0005940      0x120 lib/libmisc.a(alg.o)
                0xc0005940                interp1
 .text.gainMapping
                0xc0005a60       0x98 lib/libmisc.a(alg.o)
                0xc0005a60                gainMapping
 .text.bubbleSorting
                0xc0005af8       0xb8 lib/libmisc.a(alg.o)
                0xc0005af8                bubbleSorting
 .text.easylog2
                0xc0005bb0       0x34 lib/libmisc.a(alg.o)
                0xc0005bb0                easylog2
 .text.load_regTable
                0xc0005be4       0xb8 lib/libmisc.a(command.o)
                0xc0005be4                load_regTable
 .text.load_AfParamCfg
                0xc0005c9c        0x4 lib/libmisc.a(command.o)
                0xc0005c9c                load_AfParamCfg
 .text.load_AfPosition
                0xc0005ca0        0x4 lib/libmisc.a(command.o)
                0xc0005ca0                load_AfPosition
 .text.load_AfPowerOnMode
                0xc0005ca4        0x4 lib/libmisc.a(command.o)
                0xc0005ca4                load_AfPowerOnMode
 .text.load_drvReg
                0xc0005ca8       0xcc lib/libmisc.a(command.o)
                0xc0005ca8                load_drvReg
 .text.CopyWorkingImageToBackup
                0xc0005d74       0x94 lib/libmisc.a(command.o)
                0xc0005d74                CopyWorkingImageToBackup
 .text.uartMCUCmd
                0xc0005e08        0x4 lib/libmisc.a(command.o)
                0xc0005e08                uartMCUCmd
 .text.MemToFlash
                0xc0005e0c       0x10 lib/libmisc.a(command.o)
                0xc0005e0c                MemToFlash
 .text.MemToFlash_add_patch
                0xc0005e1c       0x44 lib/libmisc.a(command.o)
                0xc0005e1c                MemToFlash_add_patch
 .text.save_regTable
                0xc0005e60       0xd8 lib/libmisc.a(command.o)
                0xc0005e60                save_regTable
 .text.save_drvReg_com
                0xc0005f38       0x94 lib/libmisc.a(command.o)
                0xc0005f38                save_drvReg_com
 .text.save_drvReg_para
                0xc0005fcc      0x10c lib/libmisc.a(command.o)
                0xc0005fcc                save_drvReg_para
 .text.DCI_DrvCommand
                0xc00060d8      0x144 lib/libmisc.a(command.o)
                0xc00060d8                DCI_DrvCommand
 .text.makeCRCTable
                0xc000621c       0x34 lib/libmisc.a(crc.o)
                0xc000621c                makeCRCTable
 .text.calcCRC  0xc0006250       0x3c lib/libmisc.a(crc.o)
                0xc0006250                calcCRC
 .text.bigLittleSwap.part.0
                0xc000628c       0x10 lib/libmisc.a(dbgif.o)
 .text.bigLittleSwap
                0xc000629c       0x3c lib/libmisc.a(dbgif.o)
                0xc000629c                bigLittleSwap
 .text.Debug_CmdLen
                0xc00062d8       0x1c lib/libmisc.a(dbgif.o)
                0xc00062d8                Debug_CmdLen
 .text.Debug_CmdParser
                0xc00062f4      0x138 lib/libmisc.a(dbgif.o)
                0xc00062f4                Debug_CmdParser
 .text.Map_AddrArray
                0xc000642c      0x194 lib/libmisc.a(dbgif.o)
                0xc000642c                Map_AddrArray
 .text.Map_Addr
                0xc00065c0      0x12c lib/libmisc.a(dbgif.o)
                0xc00065c0                Map_Addr
 .text.Debug_CmdOp
                0xc00066ec      0x3cc lib/libmisc.a(dbgif.o)
                0xc00066ec                Debug_CmdOp
 .text.Debug_Handle
                0xc0006ab8       0xa4 lib/libmisc.a(dbgif.o)
                0xc0006ab8                Debug_Handle
 .text.InitDrv  0xc0006b5c       0x6c lib/libmisc.a(drv_isp.o)
                0xc0006b5c                InitDrv
 .text.DrvRun   0xc0006bc8      0x240 lib/libmisc.a(drv_isp.o)
                0xc0006bc8                DrvRun
 .text.DrvRun_ipf_pactch
                0xc0006e08       0x2c lib/libmisc.a(drv_isp.o)
                0xc0006e08                DrvRun_ipf_pactch
 .text.DrvRun_ipb_pactch
                0xc0006e34        0x4 lib/libmisc.a(drv_isp.o)
                0xc0006e34                DrvRun_ipb_pactch
 .text.KickoffIsp
                0xc0006e38       0xd8 lib/libmisc.a(drv_isp.o)
                0xc0006e38                KickoffIsp
 .text.setFpn   0xc0006f10        0x4 lib/libmisc.a(drv_isp.o)
                0xc0006f10                setFpn
 .text.UartSendByte
                0xc0006f14       0x44 lib/libmisc.a(fhprintf.o)
                0xc0006f14                UartSendByte
 .text.UartSendStr
                0xc0006f58       0x34 lib/libmisc.a(fhprintf.o)
                0xc0006f58                UartSendStr
 .text.fh_printf
                0xc0006f8c       0xa0 lib/libmisc.a(fhprintf.o)
                0xc0006f8c                fh_printf
 .text.printf_uart
                0xc000702c       0x14 lib/libmisc.a(fhprintf.o)
                0xc000702c                printf_uart
 .text.Fifo_Init
                0xc0007040       0x18 lib/libmisc.a(fifo.o)
                0xc0007040                Fifo_Init
 .text.Fifo_Read
                0xc0007058       0x4c lib/libmisc.a(fifo.o)
                0xc0007058                Fifo_Read
 .text.Fifo_Write
                0xc00070a4       0x7c lib/libmisc.a(fifo.o)
                0xc00070a4                Fifo_Write
 .text.Fifo_DataLeft
                0xc0007120       0x34 lib/libmisc.a(fifo.o)
                0xc0007120                Fifo_DataLeft
 .text.Fifo_Inspect
                0xc0007154       0x3c lib/libmisc.a(fifo.o)
                0xc0007154                Fifo_Inspect
 .text.Isp_SetReg
                0xc0007190       0x40 lib/libmisc.a(isp_common.o)
                0xc0007190                Isp_SetReg
 .text.Isp_GetReg
                0xc00071d0       0x40 lib/libmisc.a(isp_common.o)
                0xc00071d0                Isp_GetReg
 .text.dbgifWriteCallback
                0xc0007210       0x18 lib/libmisc.a(misc.o)
                0xc0007210                dbgifWriteCallback
 .text.data_cache_off
                0xc0007228       0x1c lib/libmisc.a(misc.o)
 .text.Watchdog_Ctrl
                0xc0007244       0x30 lib/libmisc.a(misc.o)
                0xc0007244                Watchdog_Ctrl
 .text.FH_memset
                0xc0007274       0x30 lib/libmisc.a(misc.o)
                0xc0007274                FH_memset
 .text.GetRegPointer
                0xc00072a4      0x53c lib/libmisc.a(misc.o)
                0xc00072a4                GetRegPointer
 .text.GlobalVariable_Init
                0xc00077e0      0x104 lib/libmisc.a(misc.o)
                0xc00077e0                GlobalVariable_Init
 .text.SetPWMClock
                0xc00078e4       0x3c lib/libmisc.a(misc.o)
                0xc00078e4                SetPWMClock
 .text.Isp_Set_Buf_Addr
                0xc0007920       0xdc lib/libmisc.a(misc.o)
                0xc0007920                Isp_Set_Buf_Addr
 .text.Isp_SetDataComp
                0xc00079fc      0x188 lib/libmisc.a(misc.o)
                0xc00079fc                Isp_SetDataComp
 .text.Isp_Pkg_Init
                0xc0007b84       0x34 lib/libmisc.a(misc.o)
                0xc0007b84                Isp_Pkg_Init
 .text.Isp_Pkg_Enable
                0xc0007bb8       0xc0 lib/libmisc.a(misc.o)
                0xc0007bb8                Isp_Pkg_Enable
 .text.Ec_Dc_Cfg
                0xc0007c78      0x518 lib/libmisc.a(misc.o)
                0xc0007c78                Ec_Dc_Cfg
 .text.Isp_Drv_Init
                0xc0008190      0x91c lib/libmisc.a(misc.o)
                0xc0008190                Isp_Drv_Init
 .text.Isp_Init
                0xc0008aac      0x134 lib/libmisc.a(misc.o)
                0xc0008aac                Isp_Init
 .text.Isp_Pkg_Ctrl
                0xc0008be0       0x20 lib/libmisc.a(misc.o)
                0xc0008be0                Isp_Pkg_Ctrl
 .text.Flash_Init
                0xc0008c00       0x2c lib/libmisc.a(misc.o)
                0xc0008c00                Flash_Init
 .text.Pin_Mux_Init
                0xc0008c2c       0x80 lib/libmisc.a(misc.o)
                0xc0008c2c                Pin_Mux_Init
 .text.Drv_PicSizeDetect
                0xc0008cac       0x74 lib/libmisc.a(misc.o)
                0xc0008cac                Drv_PicSizeDetect
 .text.wait     0xc0008d20       0x24 lib/libmisc.a(misc.o)
                0xc0008d20                wait
 .text.SetAVEClock
                0xc0008d44      0x25c lib/libmisc.a(misc.o)
                0xc0008d44                SetAVEClock
 .text.SetCisClock
                0xc0008fa0      0x288 lib/libmisc.a(misc.o)
                0xc0008fa0                SetCisClock
 .text.Misc_SysInit
                0xc0009228      0x170 lib/libmisc.a(misc.o)
                0xc0009228                Misc_SysInit
 .text.Misc_ResetSystemFromDdr
                0xc0009398       0xd8 lib/libmisc.a(misc.o)
                0xc0009398                Misc_ResetSystemFromDdr
 .text.Misc_ResetSystemFromRom
                0xc0009470       0xe8 lib/libmisc.a(misc.o)
                0xc0009470                Misc_ResetSystemFromRom
 .text.calc_frame_rate
                0xc0009558       0x60 lib/libmisc.a(misc.o)
                0xc0009558                calc_frame_rate
 .text.test_mode_ctrl
                0xc00095b8       0x90 lib/libmisc.a(misc.o)
                0xc00095b8                test_mode_ctrl
 .text.ipb_pic_end
                0xc0009648       0x7c lib/libmisc.a(misc.o)
                0xc0009648                ipb_pic_end
 .text.is_WDR_enable
                0xc00096c4       0x14 lib/libmisc.a(misc.o)
                0xc00096c4                is_WDR_enable
 .text.bit_inv  0xc00096d8       0x20 lib/libmisc.a(txrx.o)
                0xc00096d8                bit_inv
 .text.get_bits
                0xc00096f8       0x44 lib/libmisc.a(txrx.o)
                0xc00096f8                get_bits
 .text.inspect_bits
                0xc000973c       0x40 lib/libmisc.a(txrx.o)
                0xc000973c                inspect_bits
 .text.split_xvi_rx_data
                0xc000977c       0xc8 lib/libmisc.a(txrx.o)
                0xc000977c                split_xvi_rx_data
 .text.get_tmi_rx_data
                0xc0009844       0xe4 lib/libmisc.a(txrx.o)
                0xc0009844                get_tmi_rx_data
 .text.get_cmi_rx_data
                0xc0009928      0x160 lib/libmisc.a(txrx.o)
                0xc0009928                get_cmi_rx_data
 .text.get_amd_rx_data_3x
                0xc0009a88       0xac lib/libmisc.a(txrx.o)
                0xc0009a88                get_amd_rx_data_3x
 .text.tmi_command_parser
                0xc0009b34       0xbc lib/libmisc.a(txrx_handle.o)
                0xc0009b34                tmi_command_parser
 .text.tmi_get_command
                0xc0009bf0       0x90 lib/libmisc.a(txrx_handle.o)
                0xc0009bf0                tmi_get_command
 .text.cmi_command_parser
                0xc0009c80       0xe0 lib/libmisc.a(txrx_handle.o)
                0xc0009c80                cmi_command_parser
 .text.amd_command_parser
                0xc0009d60       0xc8 lib/libmisc.a(txrx_handle.o)
                0xc0009d60                amd_command_parser
 .text.rx_handle
                0xc0009e28      0x300 lib/libmisc.a(txrx_handle.o)
                0xc0009e28                rx_handle
 .text.Txrx_Init
                0xc000a128       0x84 lib/libmisc.a(txrx_handle.o)
                0xc000a128                Txrx_Init
 .text.mdelay   0xc000a1ac       0x1c lib/libmisc.a(udelay.o)
                0xc000a1ac                mdelay
 .text.tosd_init
                0xc000a1c8       0x54 lib/libtosd.a(osd_main.o)
                0xc000a1c8                tosd_init
 .text.screen_draw_al_str
                0xc000a21c       0x24 lib/libtosd.a(osd_main.o)
                0xc000a21c                screen_draw_al_str
 .text.screen_draw_al_str_max
                0xc000a240       0x2c lib/libtosd.a(osd_main.o)
                0xc000a240                screen_draw_al_str_max
 .text.manager_drawUI
                0xc000a26c       0x30 lib/libtosd.a(osd_main.o)
                0xc000a26c                manager_drawUI
 .text.tosd_handle
                0xc000a29c        0x8 lib/libtosd.a(osd_main.o)
                0xc000a29c                tosd_handle
 .text.tosd_clear
                0xc000a2a4       0x2c lib/libtosd.a(osd_main.o)
                0xc000a2a4                tosd_clear
 .text.screen_updateCanvas
                0xc000a2d0       0x18 lib/libtosd.a(osd_screen.o)
                0xc000a2d0                screen_updateCanvas
 .text.screen_initilize
                0xc000a2e8       0xac lib/libtosd.a(osd_screen.o)
                0xc000a2e8                screen_initilize
 .text.screen_clean
                0xc000a394       0x64 lib/libtosd.a(osd_screen.o)
                0xc000a394                screen_clean
 .text.screen_swapBuffer
                0xc000a3f8       0x58 lib/libtosd.a(osd_screen.o)
                0xc000a3f8                screen_swapBuffer
 .text.screen_getCurrBuf
                0xc000a450       0x44 lib/libtosd.a(osd_screen.o)
                0xc000a450                screen_getCurrBuf
 .text.getDisplayBuffer
                0xc000a494       0x50 lib/libtosd.a(osd_stream.o)
                0xc000a494                getDisplayBuffer
 .text.get_alnum_char_index
                0xc000a4e4       0x34 lib/libtosd.a(user_font.o)
                0xc000a4e4                get_alnum_char_index
 .text.alnum_str_to_font_index
                0xc000a518       0x34 lib/libtosd.a(user_font.o)
                0xc000a518                alnum_str_to_font_index
 .text.alnum_str_to_font_index_max
                0xc000a54c       0x54 lib/libtosd.a(user_font.o)
                0xc000a54c                alnum_str_to_font_index_max
 .text.choose_fontsize
                0xc000a5a0       0x38 lib/libtosd.a(user_interface.o)
                0xc000a5a0                choose_fontsize
 .text.getFontBuffer
                0xc000a5d8        0x8 lib/libtosd.a(user_interface.o)
                0xc000a5d8                getFontBuffer
 .text.loadFont
                0xc000a5e0       0x18 lib/libtosd.a(user_interface.o)
                0xc000a5e0                loadFont
 .text.syncFontConfigWithDrvReg
                0xc000a5f8       0x5c lib/libtosd.a(dirty_interface.o)
                0xc000a5f8                syncFontConfigWithDrvReg
 .text.getOutputResolutionX
                0xc000a654       0x18 lib/libtosd.a(dirty_interface.o)
                0xc000a654                getOutputResolutionX
 .text.getOutputResolutionY
                0xc000a66c       0x18 lib/libtosd.a(dirty_interface.o)
                0xc000a66c                getOutputResolutionY
 .text.getOsdStartX
                0xc000a684        0x4 lib/libtosd.a(dirty_interface.o)
                0xc000a684                getOsdStartX
 .text.getOsdStartY
                0xc000a688        0x4 lib/libtosd.a(dirty_interface.o)
                0xc000a688                getOsdStartY
 .text.OSD_driver_SetFont
                0xc000a68c       0x10 lib/libtosd.a(osd_driver.o)
                0xc000a68c                OSD_driver_SetFont
 .text.OSD_driver_SetStream
                0xc000a69c       0x10 lib/libtosd.a(osd_driver.o)
                0xc000a69c                OSD_driver_SetStream
 .text.OSD_driver_SetEnlargeEn
                0xc000a6ac       0x4c lib/libtosd.a(osd_driver.o)
                0xc000a6ac                OSD_driver_SetEnlargeEn
 .text.OSD_driver_SetTextStartXPos
                0xc000a6f8       0x3c lib/libtosd.a(osd_driver.o)
                0xc000a6f8                OSD_driver_SetTextStartXPos
 .text.OSD_driver_SetTextStartYPos
                0xc000a734       0x34 lib/libtosd.a(osd_driver.o)
                0xc000a734                OSD_driver_SetTextStartYPos
 .text.OSD_driver_SetTextWidth
                0xc000a768       0x3c lib/libtosd.a(osd_driver.o)
                0xc000a768                OSD_driver_SetTextWidth
 .text.OSD_driver_SetTextHeight
                0xc000a7a4       0x48 lib/libtosd.a(osd_driver.o)
                0xc000a7a4                OSD_driver_SetTextHeight
 .text.OSD_driver_SetColor
                0xc000a7ec       0x38 lib/libtosd.a(osd_driver.o)
                0xc000a7ec                OSD_driver_SetColor
 .text.OSD_driver_SetBackgroundColor
                0xc000a824       0x38 lib/libtosd.a(osd_driver.o)
                0xc000a824                OSD_driver_SetBackgroundColor
 .text.OSD_driver_SetFontSize
                0xc000a85c       0x80 lib/libtosd.a(osd_driver.o)
                0xc000a85c                OSD_driver_SetFontSize
 .text.OSD_driver_HighLightEnable
                0xc000a8dc       0x3c lib/libtosd.a(osd_driver.o)
                0xc000a8dc                OSD_driver_HighLightEnable
 .text.OSD_driver_SetHighLightPos
                0xc000a918       0x1c lib/libtosd.a(osd_driver.o)
                0xc000a918                OSD_driver_SetHighLightPos
 .text.OSD_driver_SetHighLightColor
                0xc000a934       0x34 lib/libtosd.a(osd_driver.o)
                0xc000a934                OSD_driver_SetHighLightColor
 .text.OSD_driver_TextEdgeEnable
                0xc000a968       0x3c lib/libtosd.a(osd_driver.o)
                0xc000a968                OSD_driver_TextEdgeEnable
 .text.OSD_driver_SetEdgeColor
                0xc000a9a4       0x34 lib/libtosd.a(osd_driver.o)
                0xc000a9a4                OSD_driver_SetEdgeColor
 .text.OSD_driver_SetHighLightEdgeColor
                0xc000a9d8       0x38 lib/libtosd.a(osd_driver.o)
                0xc000a9d8                OSD_driver_SetHighLightEdgeColor
 .text.OSD_driver_SetHighLightBackgroundColor
                0xc000aa10       0x34 lib/libtosd.a(osd_driver.o)
                0xc000aa10                OSD_driver_SetHighLightBackgroundColor
 .text.OSD_driver_Text_bypass
                0xc000aa44       0x3c lib/libtosd.a(osd_driver.o)
                0xc000aa44                OSD_driver_Text_bypass
 .text.initializeFontConfig
                0xc000aa80       0x24 lib/libtosd.a(osd_font.o)
                0xc000aa80                initializeFontConfig
 .text.setFontConfigToHardware
                0xc000aaa4       0x98 lib/libtosd.a(osd_font.o)
                0xc000aaa4                setFontConfigToHardware
 .text.getCharCountInRow
                0xc000ab3c       0x38 lib/libtosd.a(osd_font.o)
                0xc000ab3c                getCharCountInRow
 .text.getCharCountInColumn
                0xc000ab74       0x38 lib/libtosd.a(osd_font.o)
                0xc000ab74                getCharCountInColumn
 .text.osd_highlight_refresh
                0xc000abac       0x18 lib/libtosd.a(osd_highlight.o)
                0xc000abac                osd_highlight_refresh
 .text.highlight_clean
                0xc000abc4       0x14 lib/libtosd.a(osd_highlight.o)
                0xc000abc4                highlight_clean
 .text          0xc000abd8      0xdcc lib/libvsprintf.a(vsprintf.o)
                0xc000b1c8                strnlen
                0xc000b1fc                simple_strtoul
                0xc000b2ec                simple_strtol
                0xc000b308                ustrtoul
                0xc000b360                simple_strtoull
                0xc000b484                vsprintf
                0xc000b8d4                sprintf
                0xc000b8fc                ultohstr
 .text          0xc000b9a4      0x160 lib/libvsprintf.a(div64.o)
                0xc000b9a4                __div64_32
 .text.event_init_ex
                0xc000bb04       0x80 lib/libevent.a(event_module_ex.o)
                0xc000bb04                event_init_ex
 .text.utcEvent_setInput
                0xc000bb84       0x10 lib/libevent.a(event_module_ex.o)
                0xc000bb84                utcEvent_setInput
 .text.event_handle_ex
                0xc000bb94       0x30 lib/libevent.a(event_module_ex.o)
                0xc000bb94                event_handle_ex
 .text.event_reloadCfg
                0xc000bbc4       0x64 lib/libevent.a(osd_event_ex.o)
                0xc000bbc4                event_reloadCfg
 .text.event_initialize
                0xc000bc28       0x58 lib/libevent.a(osd_event_ex.o)
                0xc000bc28                event_initialize
 .text.event_setInput
                0xc000bc80       0x60 lib/libevent.a(osd_event_ex.o)
                0xc000bc80                event_setInput
 .text.event_runOneStep
                0xc000bce0      0x1dc lib/libevent.a(osd_event_ex.o)
                0xc000bce0                event_runOneStep
 .text.softTimer_initialize
                0xc000bebc        0xc lib/libevent.a(osd_timer_ex.o)
                0xc000bebc                softTimer_initialize
 .text.softTimer_enable
                0xc000bec8        0x8 lib/libevent.a(osd_timer_ex.o)
                0xc000bec8                softTimer_enable
 .text.softTimer_disable
                0xc000bed0        0x8 lib/libevent.a(osd_timer_ex.o)
                0xc000bed0                softTimer_disable
 .text.softTimer_goOneStep
                0xc000bed8       0x10 lib/libevent.a(osd_timer_ex.o)
                0xc000bed8                softTimer_goOneStep
 .text.softTimer_isTimeout
                0xc000bee8       0x14 lib/libevent.a(osd_timer_ex.o)
                0xc000bee8                softTimer_isTimeout
 .text.softTimer_resetTimer
                0xc000befc        0x8 lib/libevent.a(osd_timer_ex.o)
                0xc000befc                softTimer_resetTimer
 .text.softTimer_setResetValue
                0xc000bf04        0x8 lib/libevent.a(osd_timer_ex.o)
                0xc000bf04                softTimer_setResetValue
 .text.buf_init
                0xc000bf0c       0xd8 lib/libvideobuf.a(buf_switch_cfg.o)
                0xc000bf0c                buf_init
 .text.buf_switchIpf
                0xc000bfe4      0x150 lib/libvideobuf.a(buf_switch_cfg.o)
                0xc000bfe4                buf_switchIpf
 .text.buf_switchIpb
                0xc000c134       0x80 lib/libvideobuf.a(buf_switch_cfg.o)
                0xc000c134                buf_switchIpb
 .text.tripleVideoBuf_init
                0xc000c1b4       0x1c lib/libvideobuf.a(triple_video_buf.o)
                0xc000c1b4                tripleVideoBuf_init
 .text.tripleVideoBuf_swapIn
                0xc000c1d0        0xc lib/libvideobuf.a(triple_video_buf.o)
                0xc000c1d0                tripleVideoBuf_swapIn
 .text.tripleVideoBuf_swapOut
                0xc000c1dc       0x40 lib/libvideobuf.a(triple_video_buf.o)
                0xc000c1dc                tripleVideoBuf_swapOut
 .text.videoBuf_init
                0xc000c21c       0x10 lib/libvideobuf.a(video_buf.o)
                0xc000c21c                videoBuf_init
 .text.videoBuf_getAddressIdx
                0xc000c22c        0x4 lib/libvideobuf.a(video_buf.o)
                0xc000c22c                videoBuf_getAddressIdx
 .text.videoBuf_setWidthHeight
                0xc000c230        0x8 lib/libvideobuf.a(video_buf.o)
                0xc000c230                videoBuf_setWidthHeight
 .text.videoBuf_getFrameCnt
                0xc000c238        0x4 lib/libvideobuf.a(video_buf.o)
                0xc000c238                videoBuf_getFrameCnt
 .text.videoBuf_setFrameCnt
                0xc000c23c        0x4 lib/libvideobuf.a(video_buf.o)
                0xc000c23c                videoBuf_setFrameCnt
 .text.timer_get_eoi
                0xc000c240        0x8 lib/libdriver.a(fh_timer.o)
                0xc000c240                timer_get_eoi
 .text.iFlash_WriteEnable
                0xc000c248       0x28 lib/libdriver.a(flash_mem.o)
                0xc000c248                iFlash_WriteEnable
 .text.iFlash_ReadStatus
                0xc000c270       0x40 lib/libdriver.a(flash_mem.o)
                0xc000c270                iFlash_ReadStatus
 .text.iFlash_Init
                0xc000c2b0       0xac lib/libdriver.a(flash_mem.o)
                0xc000c2b0                iFlash_Init
 .text.iFlash_BlockErase
                0xc000c35c       0x60 lib/libdriver.a(flash_mem.o)
                0xc000c35c                iFlash_BlockErase
 .text.iFlash_SectorErase
                0xc000c3bc       0x60 lib/libdriver.a(flash_mem.o)
                0xc000c3bc                iFlash_SectorErase
 .text.iFlash_Page_Program
                0xc000c41c       0xf4 lib/libdriver.a(flash_mem.o)
                0xc000c41c                iFlash_Page_Program
 .text.iFlash_ReadData
                0xc000c510       0x90 lib/libdriver.a(flash_mem.o)
                0xc000c510                iFlash_ReadData
 .text.iFlash_SetReg
                0xc000c5a0       0xd0 lib/libdriver.a(flash_mem.o)
                0xc000c5a0                iFlash_SetReg
 .text.iFlash_ProgramData
                0xc000c670      0x188 lib/libdriver.a(flash_mem.o)
                0xc000c670                iFlash_ProgramData
 .text.iFlash_SectorWriteData
                0xc000c7f8       0x48 lib/libdriver.a(flash_mem.o)
                0xc000c7f8                iFlash_SectorWriteData
 .text.iFlash_BlockWriteData
                0xc000c840       0x88 lib/libdriver.a(flash_mem.o)
                0xc000c840                iFlash_BlockWriteData
 .text.flash_DataProtection
                0xc000c8c8       0x3c lib/libdriver.a(flash_mem.o)
                0xc000c8c8                flash_DataProtection
 .text.iFlash_DataProtection
                0xc000c904       0x14 lib/libdriver.a(flash_mem.o)
                0xc000c904                iFlash_DataProtection
 .text.iFlash_DataProtectionAll
                0xc000c918       0x10 lib/libdriver.a(flash_mem.o)
                0xc000c918                iFlash_DataProtectionAll
 .text.Mipi_Init
                0xc000c928       0xa0 lib/libdriver.a(mipi.o)
                0xc000c928                Mipi_Init
 .text.Pmu_Set_Pin_Mux
                0xc000c9c8      0x1fc lib/libdriver.a(pmu.o)
                0xc000c9c8                Pmu_Set_Pin_Mux
 .text.Pmu_Get_Pin_Mux
                0xc000cbc4      0x130 lib/libdriver.a(pmu.o)
                0xc000cbc4                Pmu_Get_Pin_Mux
 .text.SetPWMX  0xc000ccf4       0x44 lib/libdriver.a(pwm.o)
                0xc000ccf4                SetPWMX
 .text.PWMXEnable
                0xc000cd38       0x94 lib/libdriver.a(pwm.o)
                0xc000cd38                PWMXEnable
 .text.Spi_Enable
                0xc000cdcc       0x14 lib/libdriver.a(spi.o)
                0xc000cdcc                Spi_Enable
 .text.Spi_SetPolarity
                0xc000cde0       0x1c lib/libdriver.a(spi.o)
                0xc000cde0                Spi_SetPolarity
 .text.Spi_SetPhase
                0xc000cdfc       0x1c lib/libdriver.a(spi.o)
                0xc000cdfc                Spi_SetPhase
 .text.Spi_SetFrameFormat
                0xc000ce18       0x1c lib/libdriver.a(spi.o)
                0xc000ce18                Spi_SetFrameFormat
 .text.Spi_SetDataSize
                0xc000ce34       0x1c lib/libdriver.a(spi.o)
                0xc000ce34                Spi_SetDataSize
 .text.Spi_SetTransferMode
                0xc000ce50       0x1c lib/libdriver.a(spi.o)
                0xc000ce50                Spi_SetTransferMode
 .text.Spi_SetContinueReadDataNum
                0xc000ce6c       0x18 lib/libdriver.a(spi.o)
                0xc000ce6c                Spi_SetContinueReadDataNum
 .text.Spi_SetBaudrate
                0xc000ce84       0x14 lib/libdriver.a(spi.o)
                0xc000ce84                Spi_SetBaudrate
 .text.Spi_DisableIrq
                0xc000ce98       0x1c lib/libdriver.a(spi.o)
                0xc000ce98                Spi_DisableIrq
 .text.Spi_ReadStatus
                0xc000ceb4       0x14 lib/libdriver.a(spi.o)
                0xc000ceb4                Spi_ReadStatus
 .text.Spi_EnableSlaveen
                0xc000cec8       0x4c lib/libdriver.a(spi.o)
                0xc000cec8                Spi_EnableSlaveen
 .text.Spi_DisableSlaveen
                0xc000cf14       0x4c lib/libdriver.a(spi.o)
                0xc000cf14                Spi_DisableSlaveen
 .text.Spi_WriteOnlyBlock
                0xc000cf60       0xcc lib/libdriver.a(spi.o)
                0xc000cf60                Spi_WriteOnlyBlock
 .text.Spi_EepromBlock
                0xc000d02c      0x15c lib/libdriver.a(spi.o)
                0xc000d02c                Spi_EepromBlock
 .text.Uart_Disable_Irq
                0xc000d188       0x14 lib/libdriver.a(uart.o)
                0xc000d188                Uart_Disable_Irq
 .text.Uart_Enable_Irq
                0xc000d19c       0x10 lib/libdriver.a(uart.o)
                0xc000d19c                Uart_Enable_Irq
 .text.Uart_Fifo_Config
                0xc000d1ac       0x18 lib/libdriver.a(uart.o)
                0xc000d1ac                Uart_Fifo_Config
 .text.Uart_Read_Control_Status
                0xc000d1c4        0x8 lib/libdriver.a(uart.o)
                0xc000d1c4                Uart_Read_Control_Status
 .text.Uart_Set_Line_Control
                0xc000d1cc       0x30 lib/libdriver.a(uart.o)
                0xc000d1cc                Uart_Set_Line_Control
 .text.Uart_Read_Line_Status
                0xc000d1fc        0x8 lib/libdriver.a(uart.o)
                0xc000d1fc                Uart_Read_Line_Status
 .text.Uart_Set_Clock_Divisor
                0xc000d204       0x54 lib/libdriver.a(uart.o)
                0xc000d204                Uart_Set_Clock_Divisor
 .text.Uart_Read_Rx_Fifo_Level
                0xc000d258        0x8 lib/libdriver.a(uart.o)
                0xc000d258                Uart_Read_Rx_Fifo_Level
 .text.Uart_Read_Data
                0xc000d260       0x44 lib/libdriver.a(uart.o)
                0xc000d260                Uart_Read_Data
 .text.Uart_Write_Data
                0xc000d2a4       0x50 lib/libdriver.a(uart.o)
                0xc000d2a4                Uart_Write_Data
 .text.Uart_Init
                0xc000d2f4       0x54 lib/libdriver.a(uart.o)
                0xc000d2f4                Uart_Init
 .text.Uart1_Init
                0xc000d348       0x54 lib/libdriver.a(uart.o)
                0xc000d348                Uart1_Init
 .text.Gpio_SetPortX
                0xc000d39c       0x28 lib/libdriver.a(gpio.o)
                0xc000d39c                Gpio_SetPortX
 .text.Get_Sharpness_Val
                0xc000d3c4       0xf8 lib/libisp.a(af_sharpness_ctrl.o)
                0xc000d3c4                Get_Sharpness_Val
 .text.Af_Sharpness_Ctrl
                0xc000d4bc       0xcc lib/libisp.a(af_sharpness_ctrl.o)
                0xc000d4bc                Af_Sharpness_Ctrl
 .text.Af_Sharpness_Init
                0xc000d588       0x10 lib/libisp.a(af_sharpness_ctrl.o)
                0xc000d588                Af_Sharpness_Init
 .text.Apc_Ctrl
                0xc000d598      0x438 lib/libisp.a(apc_ctrl.o)
                0xc000d598                Apc_Ctrl
 .text.Apc_Init
                0xc000d9d0        0x4 lib/libisp.a(apc_ctrl.o)
                0xc000d9d0                Apc_Init
 .text.Awb_WpConvert
                0xc000d9d4       0x74 lib/libisp.a(awb_ctrl.o)
                0xc000d9d4                Awb_WpConvert
 .text.median_pro
                0xc000da48       0xf4 lib/libisp.a(awb_ctrl.o)
                0xc000da48                median_pro
 .text.Awb_GetDist
                0xc000db3c       0x3c lib/libisp.a(awb_ctrl.o)
                0xc000db3c                Awb_GetDist
 .text.Awb_GetPos
                0xc000db78      0x1e4 lib/libisp.a(awb_ctrl.o)
                0xc000db78                Awb_GetPos
 .text.Awb_CalcWhitePoint
                0xc000dd5c      0x33c lib/libisp.a(awb_ctrl.o)
                0xc000dd5c                Awb_CalcWhitePoint
 .text.Awb_Set_White_Aera
                0xc000e098       0xbc lib/libisp.a(awb_ctrl.o)
                0xc000e098                Awb_Set_White_Aera
 .text.ATW_Pro  0xc000e154      0x6fc lib/libisp.a(awb_ctrl.o)
                0xc000e154                ATW_Pro
 .text.SetWbGain
                0xc000e850      0x2ec lib/libisp.a(awb_ctrl.o)
                0xc000e850                SetWbGain
 .text.Awb_Set_Stat_Win
                0xc000eb3c       0xb8 lib/libisp.a(awb_ctrl.o)
                0xc000eb3c                Awb_Set_Stat_Win
 .text.ATW_Pro2
                0xc000ebf4      0x820 lib/libisp.a(awb_ctrl.o)
                0xc000ebf4                ATW_Pro2
 .text.Awb_Ctrl
                0xc000f414      0x268 lib/libisp.a(awb_ctrl.o)
                0xc000f414                Awb_Ctrl
 .text.G_SetWbGain
                0xc000f67c       0x60 lib/libisp.a(awb_ctrl.o)
                0xc000f67c                G_SetWbGain
 .text.GLstat2AWBstat
                0xc000f6dc      0x2e4 lib/libisp.a(awb_ctrl.o)
                0xc000f6dc                GLstat2AWBstat
 .text.Awb_RegInit
                0xc000f9c0       0xc0 lib/libisp.a(awb_ctrl.o)
                0xc000f9c0                Awb_RegInit
 .text.Awb_Init
                0xc000fa80       0x3c lib/libisp.a(awb_ctrl.o)
                0xc000fa80                Awb_Init
 .text.Blc_Ctrl
                0xc000fabc      0x480 lib/libisp.a(blc_ctrl.o)
                0xc000fabc                Blc_Ctrl
 .text.Ccm_Ctrl
                0xc000ff3c      0x134 lib/libisp.a(ccm_ctrl.o)
                0xc000ff3c                Ccm_Ctrl
 .text.Cnr_Ctrl
                0xc0010070       0x8c lib/libisp.a(cnr_ctrl.o)
                0xc0010070                Cnr_Ctrl
 .text.Dpc_Ctrl
                0xc00100fc      0x14c lib/libisp.a(dpc_ctrl.o)
                0xc00100fc                Dpc_Ctrl
 .text.Gamma_SetMode
                0xc0010248       0xf0 lib/libisp.a(gamma_ctrl.o)
                0xc0010248                Gamma_SetMode
 .text.Gamma_SetUserCurve
                0xc0010338       0x90 lib/libisp.a(gamma_ctrl.o)
                0xc0010338                Gamma_SetUserCurve
 .text.Gamma_SetPreSetCurve
                0xc00103c8       0x14 lib/libisp.a(gamma_ctrl.o)
                0xc00103c8                Gamma_SetPreSetCurve
 .text.gamma_refresh
                0xc00103dc       0xc8 lib/libisp.a(gamma_ctrl.o)
                0xc00103dc                gamma_refresh
 .text.runtime_gamma_refresh
                0xc00104a4       0x44 lib/libisp.a(gamma_ctrl.o)
                0xc00104a4                runtime_gamma_refresh
 .text.Gamma_Ctrl
                0xc00104e8       0xe8 lib/libisp.a(gamma_ctrl.o)
                0xc00104e8                Gamma_Ctrl
 .text.Gamma_ChangeInit
                0xc00105d0       0x20 lib/libisp.a(gamma_ctrl.o)
                0xc00105d0                Gamma_ChangeInit
 .text.Gamma_Init
                0xc00105f0       0x20 lib/libisp.a(gamma_ctrl.o)
                0xc00105f0                Gamma_Init
 .text.LeadingOne_gb_64
                0xc0010610       0x24 lib/libisp.a(gb_ctrl.o)
                0xc0010610                LeadingOne_gb_64
 .text.Gb_Ctrl  0xc0010634       0xb0 lib/libisp.a(gb_ctrl.o)
                0xc0010634                Gb_Ctrl
 .text.Irc_Ctrl
                0xc00106e4      0x458 lib/libisp.a(irc_ctrl.o)
                0xc00106e4                Irc_Ctrl
 .text.Irc_Init
                0xc0010b3c       0xa0 lib/libisp.a(irc_ctrl.o)
                0xc0010b3c                Irc_Init
 .text.GetFlag  0xc0010bdc       0x20 lib/libisp.a(lc_ctrl.o)
                0xc0010bdc                GetFlag
 .text.Lc_GetRegParam
                0xc0010bfc      0x220 lib/libisp.a(lc_ctrl.o)
                0xc0010bfc                Lc_GetRegParam
 .text.Lc_Ctrl  0xc0010e1c      0x258 lib/libisp.a(lc_ctrl.o)
                0xc0010e1c                Lc_Ctrl
 .text.auto_ltm_on_stop
                0xc0011074       0x4c lib/libisp.a(ltm_ctrl.o)
                0xc0011074                auto_ltm_on_stop
 .text.normal_ltm_on_recover
                0xc00110c0       0x54 lib/libisp.a(ltm_ctrl.o)
                0xc00110c0                normal_ltm_on_recover
 .text.Get_Hist_Cumsum
                0xc0011114       0x84 lib/libisp.a(ltm_ctrl.o)
                0xc0011114                Get_Hist_Cumsum
 .text.Int32_To_Ltmf16
                0xc0011198       0x30 lib/libisp.a(ltm_ctrl.o)
                0xc0011198                Int32_To_Ltmf16
 .text.Ltm_Tab_Gen
                0xc00111c8       0xa0 lib/libisp.a(ltm_ctrl.o)
                0xc00111c8                Ltm_Tab_Gen
 .text.Ltm_SetAutoCurve
                0xc0011268       0x58 lib/libisp.a(ltm_ctrl.o)
                0xc0011268                Ltm_SetAutoCurve
 .text.Auto_Ltm
                0xc00112c0      0x10c lib/libisp.a(ltm_ctrl.o)
                0xc00112c0                Auto_Ltm
 .text.ltm_register
                0xc00113cc       0x38 lib/libisp.a(ltm_ctrl.o)
                0xc00113cc                ltm_register
 .text.Ltm_SetMappingCurve
                0xc0011404       0xb4 lib/libisp.a(ltm_ctrl.o)
                0xc0011404                Ltm_SetMappingCurve
 .text.Get_Dynamic_Range
                0xc00114b8       0x98 lib/libisp.a(ltm_ctrl.o)
                0xc00114b8                Get_Dynamic_Range
 .text.Ltm_Ctrl
                0xc0011550       0xf0 lib/libisp.a(ltm_ctrl.o)
                0xc0011550                Ltm_Ctrl
 .text.Ltm_ChangeInit
                0xc0011640       0x64 lib/libisp.a(ltm_ctrl.o)
                0xc0011640                Ltm_ChangeInit
 .text.Ltm_Init
                0xc00116a4       0x14 lib/libisp.a(ltm_ctrl.o)
                0xc00116a4                Ltm_Init
 .text.MD_Ctrl  0xc00116b8      0x320 lib/libisp.a(md_ctrl.o)
                0xc00116b8                MD_Ctrl
 .text.Nr2d_Ctrl
                0xc00119d8      0x368 lib/libisp.a(nr2d_ctrl.o)
                0xc00119d8                Nr2d_Ctrl
 .text.Nr3d_Ctrl
                0xc0011d40      0x308 lib/libisp.a(nr3d_ctrl.o)
                0xc0011d40                Nr3d_Ctrl
 .text.Shield_Ctrl
                0xc0012048      0xc9c lib/libisp.a(shield_ctrl.o)
                0xc0012048                Shield_Ctrl
 .text.Shield_Init
                0xc0012ce4       0x6c lib/libisp.a(shield_ctrl.o)
                0xc0012ce4                Shield_Init
 .text.Yc_Ctrl  0xc0012d50      0x368 lib/libisp.a(yc_ctrl.o)
                0xc0012d50                Yc_Ctrl
 .text.Ynr_Ctrl
                0xc00130b8      0x3e8 lib/libisp.a(ynr_ctrl.o)
                0xc00130b8                Ynr_Ctrl
 .text.fh_memcpy
                0xc00134a0       0x30 lib/libsys.a(fh_libc.o)
                0xc00134a0                fh_memcpy
 .text.fh_memset
                0xc00134d0       0x30 lib/libsys.a(fh_libc.o)
                0xc00134d0                fh_memset
 .text          0xc0013500       0x38 /home/fullhan/toolchain/arc-fullhan-elf32/bin/../lib/gcc/arc-fullhan-elf32/4.8.5/libgcc.a(_mulsi3.o)
                0xc0013500                __mulsi3
 .text          0xc0013538       0x38 /home/fullhan/toolchain/arc-fullhan-elf32/bin/../lib/gcc/arc-fullhan-elf32/4.8.5/libgcc.a(_umulsidi3.o)
                0xc0013538                __umulsidi3
 .text          0xc0013570        0x4 /home/fullhan/toolchain/arc-fullhan-elf32/bin/../lib/gcc/arc-fullhan-elf32/4.8.5/libgcc.a(_udivsi3.o)
                0xc0013570                __udivsi3
 .text          0xc0013574       0x1c /home/fullhan/toolchain/arc-fullhan-elf32/bin/../lib/gcc/arc-fullhan-elf32/4.8.5/libgcc.a(_divsi3.o)
                0xc0013574                __divsi3
 .text          0xc0013590       0x10 /home/fullhan/toolchain/arc-fullhan-elf32/bin/../lib/gcc/arc-fullhan-elf32/4.8.5/libgcc.a(_umodsi3.o)
                0xc0013590                __umodsi3
 .text          0xc00135a0       0x18 /home/fullhan/toolchain/arc-fullhan-elf32/bin/../lib/gcc/arc-fullhan-elf32/4.8.5/libgcc.a(_modsi3.o)
                0xc00135a0                __modsi3
 .text          0xc00135b8       0x6c /home/fullhan/toolchain/arc-fullhan-elf32/bin/../lib/gcc/arc-fullhan-elf32/4.8.5/libgcc.a(_divmod_tools.o)
                0xc00135b8                __udivmodsi4
 .text.__lshrdi3
                0xc0013624       0x2c /home/fullhan/toolchain/arc-fullhan-elf32/bin/../lib/gcc/arc-fullhan-elf32/4.8.5/libgcc.a(_lshrdi3.o)
                0xc0013624                __lshrdi3
 .text.__divdi3
                0xc0013650      0x53c /home/fullhan/toolchain/arc-fullhan-elf32/bin/../lib/gcc/arc-fullhan-elf32/4.8.5/libgcc.a(_divdi3.o)
                0xc0013650                __divdi3
 .text.__udivdi3
                0xc0013b8c      0x4e8 /home/fullhan/toolchain/arc-fullhan-elf32/bin/../lib/gcc/arc-fullhan-elf32/4.8.5/libgcc.a(_udivdi3.o)
                0xc0013b8c                __udivdi3
 .text.__pack_f
                0xc0014074       0xe0 /home/fullhan/toolchain/arc-fullhan-elf32/bin/../lib/gcc/arc-fullhan-elf32/4.8.5/libgcc.a(fp-bit.o)
                0xc0014074                __pack_f
 .text.__floatunsisf
                0xc0014154       0x80 /home/fullhan/toolchain/arc-fullhan-elf32/bin/../lib/gcc/arc-fullhan-elf32/4.8.5/libgcc.a(fp-bit.o)
                0xc0014154                __floatunsisf
 .text.__make_fp
                0xc00141d4       0x1c /home/fullhan/toolchain/arc-fullhan-elf32/bin/../lib/gcc/arc-fullhan-elf32/4.8.5/libgcc.a(fp-bit.o)
                0xc00141d4                __make_fp
 .text.__pack_d
                0xc00141f0      0x19c /home/fullhan/toolchain/arc-fullhan-elf32/bin/../lib/gcc/arc-fullhan-elf32/4.8.5/libgcc.a(dp-bit.o)
                0xc00141f0                __pack_d
 .text.__unpack_d
                0xc001438c       0xc8 /home/fullhan/toolchain/arc-fullhan-elf32/bin/../lib/gcc/arc-fullhan-elf32/4.8.5/libgcc.a(dp-bit.o)
                0xc001438c                __unpack_d
 .text.__divdf3
                0xc0014454      0x16c /home/fullhan/toolchain/arc-fullhan-elf32/bin/../lib/gcc/arc-fullhan-elf32/4.8.5/libgcc.a(dp-bit.o)
                0xc0014454                __divdf3
 .text.__floatsidf
                0xc00145c0       0xb0 /home/fullhan/toolchain/arc-fullhan-elf32/bin/../lib/gcc/arc-fullhan-elf32/4.8.5/libgcc.a(dp-bit.o)
                0xc00145c0                __floatsidf
 .text.__truncdfsf2
                0xc0014670       0x3c /home/fullhan/toolchain/arc-fullhan-elf32/bin/../lib/gcc/arc-fullhan-elf32/4.8.5/libgcc.a(dp-bit.o)
                0xc0014670                __truncdfsf2
 .text          0xc00146ac       0x30 /home/fullhan/toolchain/arc-fullhan-elf32/bin/../lib/gcc/arc-fullhan-elf32/4.8.5/libgcc.a(_clzsi2.o)
                0xc00146ac                __clzsi2
 .text.__ashldi3
                0xc00146dc       0x28 /home/fullhan/toolchain/arc-fullhan-elf32/bin/../lib/gcc/arc-fullhan-elf32/4.8.5/libgcc.a(_ashldi3.o)
                0xc00146dc                __ashldi3
 .text          0xc0014704       0x80 /home/fullhan/toolchain/arc-fullhan-elf32/bin/../lib/gcc/arc-fullhan-elf32/4.8.5/../../../../arc-fullhan-elf32/lib/libc.a(lib_a-memcpy-bs.o)
                0xc0014704                memcpy
 .text          0xc0014784       0x7c /home/fullhan/toolchain/arc-fullhan-elf32/bin/../lib/gcc/arc-fullhan-elf32/4.8.5/../../../../arc-fullhan-elf32/lib/libc.a(lib_a-memset-bs.o)
                0xc0014784                memset
                0xc00147e0                __strncpy_bzero
                [!provide]                PROVIDE (__etext, .)
                [!provide]                PROVIDE (_etext, .)
                [!provide]                PROVIDE (etext, .)

.rodata         0xc0014800     0x1ab0
 *(.rodata .rodata.* .gnu.linkonce.r.*)
 .rodata.str1.4
                0xc0014800       0x10 objs/ext/sensor_common.o
 .rodata.str1.4
                0xc0014810        0x5 objs/ext/status_osd.o
                                  0x8 (size before relaxing)
 *fill*         0xc0014815        0x3 
 .rodata.str1.4
                0xc0014818        0xf objs/ext/imx307/imx307.o
                                 0x10 (size before relaxing)
 *fill*         0xc0014827        0x1 
 .rodata.str1.4
                0xc0014828       0x8b lib/libisp.a(ae_ctrl.o)
                                 0x8c (size before relaxing)
 *fill*         0xc00148b3        0x1 
 .rodata.str1.4
                0xc00148b4       0x73 lib/libsys.a(main.o)
                                 0x74 (size before relaxing)
 *fill*         0xc0014927        0x1 
 .rodata.str1.4
                0xc0014928       0x7b lib/libsys.a(memoryload.o)
                                 0x7c (size before relaxing)
 *fill*         0xc00149a3        0x1 
 .rodata.str1.4
                0xc00149a4       0x94 lib/libmisc.a(command.o)
 .rodata        0xc0014a38       0x95 lib/libmisc.a(dbgif.o)
 *fill*         0xc0014acd        0x3 
 .rodata        0xc0014ad0       0x14 lib/libmisc.a(misc.o)
 .rodata.str1.4
                0xc0014ae4       0x3d lib/libmisc.a(misc.o)
                                 0x44 (size before relaxing)
 *fill*         0xc0014b21        0x3 
 .rodata        0xc0014b24     0x1150 lib/libmisc.a(tab.o)
                0xc0014b24                wdr_merge_curve
                0xc0014bb4                GL_win_sel
                0xc00152bc                sin_t
                0xc001558c                RGB2YCbCr
                0xc00155bc                bitInvTab
                0xc00155cc                ave_stream_idx
                0xc001561c                Ynr_Coeff_Lut
                0xc001572c                Nr_G_Lut
                0xc00157ac                Nr_RB_Lut
                0xc00157fc                Tab_DEES_LUT
                0xc00158cc                IE_block_sel
                0xc0015920                Tab_Metering_Ptn
                0xc0015950                m_ltm_map_sz
                0xc0015954                Tab_StatLtm_Log2
                0xc0015c54                Tab_FmtCc2Ch
                0xc0015c64                Tab_b2c
 .rodata        0xc0015c74       0xa2 lib/libmisc.a(txrx_handle.o)
 *fill*         0xc0015d16        0x2 
 .rodata.str1.4
                0xc0015d18        0xb lib/libtosd.a(osd_main.o)
                                  0xc (size before relaxing)
 *fill*         0xc0015d23        0x1 
 .rodata.str1.4
                0xc0015d24       0x32 lib/libtosd.a(osd_screen.o)
                                 0x34 (size before relaxing)
 *fill*         0xc0015d56        0x2 
 .rodata.str1.4
                0xc0015d58       0x25 lib/libtosd.a(osd_stream.o)
                                 0x48 (size before relaxing)
 .rodata        0xc0015d7d        0xb lib/libtosd.a(osd_driver.o)
 .rodata.str1.4
                0xc0015d88       0x24 lib/libvsprintf.a(vsprintf.o)
 .rodata        0xc0015dac      0x264 lib/libvsprintf.a(vsprintf.o)
                0xc0015ffc                hex_asc
 .rodata.str1.4
                0xc0016010       0xb9 lib/libevent.a(osd_event_ex.o)
                                 0xbc (size before relaxing)
 *fill*         0xc00160c9        0x3 
 .rodata        0xc00160cc        0xc lib/libvideobuf.a(buf_switch_cfg.o)
 .rodata.str1.4
                0xc00160d8        0x4 lib/libdriver.a(flash_mem.o)
 .rodata.str1.4
                0xc00160dc       0x7f lib/libisp.a(awb_ctrl.o)
                                 0xa0 (size before relaxing)
 *fill*         0xc001615b        0x1 
 .rodata.str1.4
                0xc001615c       0x22 lib/libisp.a(blc_ctrl.o)
                                 0x44 (size before relaxing)
 *fill*         0xc001617e        0x2 
 .rodata        0xc0016180        0x8 lib/libisp.a(ltm_ctrl.o)
 .rodata.str1.4
                0xc0016188       0x14 lib/libisp.a(ltm_ctrl.o)
 .rodata.__thenan_df
                0xc001619c       0x14 /home/fullhan/toolchain/arc-fullhan-elf32/bin/../lib/gcc/arc-fullhan-elf32/4.8.5/libgcc.a(dp-bit.o)
                0xc001619c                __thenan_df
 .rodata.__clz_tab
                0xc00161b0      0x100 /home/fullhan/toolchain/arc-fullhan-elf32/bin/../lib/gcc/arc-fullhan-elf32/4.8.5/libgcc.a(_clz.o)
                0xc00161b0                __clz_tab

.rodata1
 *(.rodata1)

.data           0xc00162b0     0x95d8
 *(.data .data.* .gnu.linkonce.d.*)
 .data          0xc00162b0       0x14 objs/ext/sensor_common.o
                0xc00162b4                m_ultra_baudrate_map
 .data          0xc00162c4      0x6ae objs/ext/status_osd.o
                0xc00162c4                string_all
 .data          0xc0016972      0xf12 objs/ext/imx307/imx307.o
                0xc0016972                Sensor_Cfg_e2_1080P30_45M
                0xc0016b22                Sensor_Cfg_e2_CVI_1080P25
                0xc0016cd2                Sensor_Cfg_e2_TVI_1080P29
                0xc0016e82                Sensor_Cfg_e2_TVI_1080P25
                0xc0017032                Sensor_Cfg_e2_PAL
                0xc00171e2                Sensor_Cfg_e2_NTSC
                0xc0017392                Sensor_Cfg_e2_TVI_1080P30
                0xc0017542                Sensor_Cfg_e2_CVI_1080P30
                0xc00176f2                Tab_IMX290RegToGain
 .data          0xc0017884       0x18 lib/libisp.a(ae_ctrl.o)
                0xc0017884                shutter_map
 .data          0xc001789c        0x4 lib/libisp.a(wdr_ctrl.o)
                0xc001789c                act_Exposure_Ratio
 .data          0xc00178a0        0x2 lib/libmisc.a(misc.o)
 *fill*         0xc00178a2        0x2 
 .data          0xc00178a4     0x6c74 lib/libmisc.a(tab.o)
                0xc00178a4                ref_x
                0xc0017ca4                icsr_Exp_020
                0xc00180a4                icsr_Ray_025
                0xc00184a4                icsr_flat
                0xc00188a4                Log2x
                0xc0018ca4                Hist_th
                0xc0018d28                m_scaler_maps
                0xc0018d58                Tab_Scaler_10
                0xc0018f58                Tab_Scaler_09
                0xc0019158                Tab_Scaler_08
                0xc0019358                Tab_Scaler_07
                0xc0019558                Tab_Scaler_06
                0xc0019758                Tab_Scaler_05
                0xc0019958                Tab_Scaler_04
                0xc0019b58                Tab_Scaler_03
                0xc0019d58                Tab_Scaler_02
                0xc0019f58                Tab_Scaler_01
                0xc001a158                Tab_Scaler_V
                0xc001a358                Tab_Scaler_H
                0xc001a558                m_ltm_maps
                0xc001a598                ltm_mapping_e
                0xc001a798                ltm_mapping_d
                0xc001a998                ltm_mapping_c
                0xc001ab98                ltm_mapping_b
                0xc001ad98                ltm_mapping_a
                0xc001af98                ltm_mapping_9
                0xc001b198                ltm_mapping_8
                0xc001b398                Tab_Ltm_Mapping_7
                0xc001b598                Tab_Ltm_Mapping_6
                0xc001b798                Tab_Ltm_Mapping_5
                0xc001b998                Tab_Ltm_Mapping_4
                0xc001bb98                Tab_Ltm_Mapping_3
                0xc001bd98                Tab_Ltm_Mapping_2
                0xc001bf98                Tab_Ltm_Mapping_1
                0xc001c198                Tab_Ltm_Mapping_0
                0xc001c398                m_ltm_auto_gain_5
                0xc001c598                m_ltm_auto_gain_4
                0xc001c798                m_ltm_auto_gain_3
                0xc001c998                m_ltm_auto_gain_2
                0xc001cb98                m_ltm_auto_gain_1
                0xc001cd98                m_ltm_auto_gain_0
                0xc001cf98                m_preset_gamma_tabs
                0xc001cfd8                Tab_gamma_user_WJA_1
                0xc001d118                Tab_gamma_user_WJA_CVI
                0xc001d258                Tab_gamma_user_WJA_TVI
                0xc001d398                Tab_gamma_user_GZCS_AHD
                0xc001d4d8                Tab_gamma_user_GZCS_TVI
                0xc001d618                Tab_gamma_user_0
                0xc001d758                Tab_gamma28
                0xc001d898                Tab_gamma26
                0xc001d9d8                Tab_gamma24
                0xc001db18                Tab_gamma22
                0xc001dc58                Tab_gamma20
                0xc001dd98                Tab_gamma18
                0xc001ded8                Tab_gamma16
                0xc001e018                Tab_gamma14
                0xc001e158                Tab_gamma12
                0xc001e298                Tab_gamma10
                0xc001e3d8                Tab_gamma
 .data          0xc001e518      0x19b lib/libmisc.a(txrx_handle.o)
                0xc001e518                m_ahd_prot
                0xc001e59a                m_ahd_prot_2
                0xc001e5b3                m_cvi2_prot
                0xc001e5ef                m_cvi1_prot
                0xc001e677                m_cvbs_ntsc_af_prot
                0xc001e68b                m_cvbs_pal_af_prot
                0xc001e69f                m_ahd_af_prot
 .data          0xc001e6b3      0x720 lib/libtosd.a(user_interface.o)
                0xc001e6b3                font_alnum
 *fill*         0xc001edd3        0x1 
 .data          0xc001edd4      0x100 lib/libvsprintf.a(ctype.o)
                0xc001edd4                _ctype
 .data          0xc001eed4        0x9 lib/libdriver.a(flash_mem.o)
                0xc001eed4                Tab_DPSize2BP
 *fill*         0xc001eedd        0x3 
 .data          0xc001eee0      0x988 lib/libisp.a(af_sharpness_ctrl.o)
                0xc001eee0                m_filter_map
                0xc001ef28                g_af_filter0
                0xc001f050                g_af_filter1
                0xc001f178                g_af_filter2
                0xc001f2a0                g_af_filter3
                0xc001f3c8                g_af_filter4
                0xc001f4f0                g_af_filter5
                0xc001f618                g_af_filter6
                0xc001f740                g_af_filter8
 .data          0xc001f868       0x10 lib/libisp.a(blc_ctrl.o)
                0xc001f868                Tab_FmtShift
 .data          0xc001f878       0x10 lib/libisp.a(irc_ctrl.o)
                0xc001f878                first_run_flag
                0xc001f87c                m_ave_dds_cfg_main_1
                0xc001f880                m_ave_cfg_c_gain
                0xc001f884                is_colorfull

.data.init
 *(.data.init)

.data1
 *(.data1)

.tdata
 *(.tdata .tdata.* .gnu.linkonce.td.*)

.tbss
 *(.tbss .tbss.* .gnu.linkonce.tb.*)
 *(.tcommon)

.eh_frame
 *(.eh_frame)

.gcc_except_table
 *(.gcc_except_table)

.dynamic
 *(.dynamic)

.ctors
 *crtbegin*.o(.ctors)
 *(EXCLUDE_FILE(*crtend*.o) .ctors)
 *(SORT(.ctors.*))
 *(.ctors)

.dtors
 *crtbegin*.o(.dtors)
 *(EXCLUDE_FILE(*crtend*.o) .dtors)
 *(SORT(.dtors.*))
 *(.dtors)

.jcr
 *(.jcr)

.got
 *(.got.plt)
 *(.got)

.sdata          0xc001f888        0x0
                0xc001f888                __SDATA_BEGIN__ = .
                0xc001f888                _SDA_BASE_ = .
 *(.sdata .sdata.* .gnu.linkonce.s.*)
                0xc001f888                _edata = .
                [!provide]                PROVIDE (edata, .)
                0xc001f888                . = ALIGN (0x4)
                0xc001f888                __bss_start = .
                0xc001f888                PROVIDE (bss_start, .)

.sbss           0xc001f888        0x0
                [!provide]                PROVIDE (__sbss_start, .)
                [!provide]                PROVIDE (___sbss_start, .)
 *(.dynsbss)
 *(.sbss .sbss.* .gnu.linkonce.sb.*)
 *(.scommon)
                [!provide]                PROVIDE (__sbss_end, .)
                [!provide]                PROVIDE (___sbss_end, .)

.bss            0xc001f888     0x2370
 *(.dynbss)
 *(.bss .bss.* .gnu.linkonce.b.*)
 .bss           0xc001f888       0x24 objs/ext/format_ctrl.o
                0xc001f8a8                m_image_size
                0xc001f8a9                m_image_ratio
 .bss           0xc001f8ac        0xc objs/ext/sensor_common.o
                0xc001f8b0                AWB_BYPASS
                0xc001f8b1                osd_save_exit_cnt
                0xc001f8b4                m_LastFuncCtrl
 .bss           0xc001f8b8        0xc objs/ext/imx307/imx307.o
                0xc001f8b8                VMAX
                0xc001f8bc                RHS1
                0xc001f8c0                flip_status
                0xc001f8c1                mirror_status
 .bss           0xc001f8c4       0x54 lib/libisp.a(ae_ctrl.o)
                0xc001f8c4                speed_adjust
                0xc001f908                adjustingIris
                0xc001f90c                wled_curr_pwm_counter
                0xc001f914                sensor_gain_err_sum
 .bss           0xc001f918        0x4 lib/libsys.a(main.o)
                0xc001f918                tosd_inited
 .bss           0xc001f91c        0x2 lib/libsys.a(rx_run.o)
                0xc001f91c                g_z_count_vd
                0xc001f91d                g_z_error_cnt
 .bss           0xc001f91e        0x2 lib/libmisc.a(command.o)
                0xc001f91e                GME_BYPASS
                0xc001f91f                TOSD_BYPASS
 .bss           0xc001f920        0x8 lib/libmisc.a(misc.o)
                0xc001f920                gamma_night_cnt
                0xc001f921                gamma_day_cnt
                0xc001f922                gamma_status
                0xc001f924                oldRegMode
 .bss           0xc001f928        0x9 lib/libmisc.a(txrx_handle.o)
                0xc001f928                m_ahd_stop_bits
                0xc001f92c                CVI_cmd_buf_0
                0xc001f92f                CVI_cmd_buf_1
 .bss           0xc001f931        0x1 lib/libtosd.a(osd_main.o)
                0xc001f931                gTosdHasData
 *fill*         0xc001f932        0x2 
 .bss           0xc001f934       0x14 lib/libtosd.a(osd_screen.o)
 .bss           0xc001f948       0x14 lib/libvsprintf.a(vsprintf.o)
 .bss           0xc001f95c       0x9c lib/libevent.a(event_module_ex.o)
 .bss           0xc001f9f8        0x4 lib/libisp.a(af_sharpness_ctrl.o)
 .bss           0xc001f9fc        0x4 lib/libisp.a(apc_ctrl.o)
                0xc001f9fc                scaler_idx
 .bss           0xc001fa00       0x24 lib/libisp.a(awb_ctrl.o)
 .bss           0xc001fa24        0x8 lib/libisp.a(gamma_ctrl.o)
                0xc001fa24                m_last_y_gamma
                0xc001fa28                m_last_c_gamma
 .bss           0xc001fa2c       0x10 lib/libisp.a(ltm_ctrl.o)
 *(COMMON)
 COMMON         0xc001fa3c        0x2 objs/ext/format_ctrl.o
                0xc001fa3c                long_click_status
                0xc001fa3d                m_hd_by_long_click
 *fill*         0xc001fa3e        0x2 
 COMMON         0xc001fa40       0x1e objs/ext/sensor_common.o
                0xc001fa40                Stat_GL_Param
                0xc001fa58                m_hscaler_info0
                0xc001fa5c                PTZ_pre_status
                0xc001fa5d                PTZ_status
 COMMON         0xc001fa5e      0x17c objs/ext/status_osd.o
                0xc001fa5e                val_array
 *fill*         0xc001fbda        0x2 
 COMMON         0xc001fbdc        0xc objs/ext/imx307/imx307.o
                0xc001fbdc                m_pulse_status
                0xc001fbe0                current_ratio
                0xc001fbe4                pulse_timer
 COMMON         0xc001fbe8        0x4 lib/libdriver.a(sadc.o)
                0xc001fbe8                sadc_val
 COMMON         0xc001fbec       0x38 lib/libisp.a(ae_ctrl.o)
                0xc001fbec                LumaAvg
                0xc001fbf0                gain_total_max
                0xc001fbf4                GAIN_MIN
                0xc001fbf8                m_sens_up_max
                0xc001fbfc                pre_shutter_lv
                0xc001fc00                get_curr_FH
                0xc001fc04                tarLuma
                0xc001fc08                real_frame_heigh
                0xc001fc0c                curr_sensor_gain
                0xc001fc10                pre_asc_en
                0xc001fc11                pre_analog_gain_lv
                0xc001fc14                ae_status
                0xc001fc18                pre_agc_en
                0xc001fc19                pre_digital_gain_lv
                0xc001fc1c                prev_FH_mul
                0xc001fc20                prev_sensor_gain
 COMMON         0xc001fc24      0x290 lib/libisp.a(stat.o)
                0xc001fc24                histStat
                0xc001fc28                afStat
                0xc001fda8                mdStatcolumn
                0xc001fdd8                globalStat
                0xc001fddc                aeStat
                0xc001fe24                awbStat
 COMMON         0xc001feb4        0x2 lib/libisp.a(wdr_ctrl.o)
                0xc001feb4                wdr_on_counter
                0xc001feb5                wdr_off_counter
 *fill*         0xc001feb6        0x2 
 COMMON         0xc001feb8       0x7c lib/libsys.a(main.o)
                0xc001feb8                uart0
                0xc001fec8                uart1
                0xc001fed8                ipf_pic_start_cnt
                0xc001fedc                buf_overflow_cnt
                0xc001fee0                ipf_pic_end_cnt
                0xc001fee4                dbgif0
                0xc001ff24                ltm_half_cnt
                0xc001ff28                ipb_pic_start_cnt
                0xc001ff2c                ipb_pic_end_cnt
                0xc001ff30                frmCnt
 COMMON         0xc001ff34      0x400 lib/libmisc.a(crc.o)
                0xc001ff34                crc32_table
 COMMON         0xc0020334     0x12d0 lib/libmisc.a(drv_isp.o)
                0xc0020334                stat_luma_max
                0xc0020338                pRegStatus
                0xc002033c                pRegCtrl
                0xc0020340                pRegParaDayOnly
                0xc0020344                stat_luma_min
                0xc0020346                stat_avg
                0xc0020548                pRegParaDayNight
                0xc002054c                curr_pts
                0xc0020550                osdCfg
                0xc0020554                last_pts
                0xc0020558                regTableMode
                0xc00215d8                pRegParaDayNightComm
                0xc00215dc                pRegParaPub
                0xc00215e0                pRegDrv
                0xc00215e4                pRegParaComm
                0xc00215e8                regTable
                0xc00215fc                drv_af_en
                0xc0021600                pRegTableMode
 COMMON         0xc0021604        0x9 lib/libmisc.a(misc.o)
                0xc0021604                fpnAv
                0xc0021605                osdAv
                0xc0021606                IspPkgEn
                0xc0021607                fpnEn
                0xc0021608                GpioStatus
                0xc002160c                e2mode
 *fill*         0xc002160d        0x3 
 COMMON         0xc0021610       0x68 lib/libmisc.a(txrx_handle.o)
                0xc0021610                cmi_cmd_out
                0xc0021611                tmi_cmd_out
                0xc0021612                g_z_count
                0xc0021614                rx_buffer1
                0xc002163c                g_ptz_cmd_valid
                0xc002163d                g_ptz_checksum_err
                0xc002163e                RX_Str
                0xc0021646                tmi_cmd_tmp
                0xc0021647                amd_cmd_ready
                0xc0021648                rx_buffer2
                0xc0021670                blinking
                0xc0021674                amd_cmd_out
                0xc0021675                amd_cmd_judge_flag
                0xc0021676                tmi_cmd_ready
                0xc0021677                cmi_cmd_ready
 COMMON         0xc0021678       0x12 lib/libtosd.a(osd_font.o)
                0xc0021678                fontConfig
 COMMON         0xc002168a        0x4 lib/libtosd.a(osd_highlight.o)
                0xc002168a                hl_config
 *fill*         0xc002168e        0x2 
 COMMON         0xc0021690       0x60 lib/libvideobuf.a(buf_switch_cfg.o)
                0xc0021690                nr3d_buf_addr
                0xc002169c                ltm_buf_addr
                0xc00216a8                triple_video_buf
                0xc00216c0                videoBuf2
                0xc00216d0                videoBuf1
                0xc00216e0                videoBuf0
 COMMON         0xc00216f0       0xbc lib/libisp.a(awb_ctrl.o)
                0xc00216f0                g_gain
                0xc0021700                gainLS
                0xc0021710                awbPro2
 COMMON         0xc00217ac        0x5 lib/libisp.a(gamma_ctrl.o)
                0xc00217ac                m_runtime_gamma_cfg
                0xc00217b0                gamma_first_run_flag
 *fill*         0xc00217b1        0x3 
 COMMON         0xc00217b4        0x4 lib/libisp.a(irc_ctrl.o)
                0xc00217b4                m_ave_cfg_3c_gain
 COMMON         0xc00217b8      0x400 lib/libisp.a(ltm_ctrl.o)
                0xc00217b8                ltmt
 COMMON         0xc0021bb8       0x40 lib/libisp.a(shield_ctrl.o)
                0xc0021bb8                shield_graph1
                0xc0021bc8                shield_graph0
                0xc0021bd8                shield_graph2
                0xc0021be8                shield_graph3
                0xc0021bf8                . = ALIGN (0x4)
                0xc0021bf8                . = ALIGN (0x4)
                0xc0021bf8                _end = .
                0xc0021bf8                PROVIDE (end, .)
                0x00002370                PROVIDE (bss_size, (end - bss_start))

.stack          0xc0038000     0x8000
                0xc0038000                __stack = .
                0xc0040000                . = (. + __STACKSIZE)
 *fill*         0xc0038000     0x8000 
                0xc0040000                __stack_top = .
                0xc0040000                _estack = .

.drv_data       0xc0050000     0x9000
                0xc0050000                . = ABSOLUTE (_DRV_REG_COM_START)
 *(.drv_reg_com)
 .drv_reg_com   0xc0050000       0x40 objs/ext/imx307/imx307_attr.o
                0xc0050000                Drv_Reg_Com_Init_imx290
                0xc0051000                . = ABSOLUTE (_DRV_REG_B_START)
 *fill*         0xc0050040      0xfc0 
 *(.drv_reg_b)
 .drv_reg_b     0xc0051000      0xb98 objs/ext/imx307/imx307_attr.o
                0xc0051000                Drv_Reg_Init_imx290_b
                0xc0052000                . = ABSOLUTE (_DRV_REG_T_START)
 *fill*         0xc0051b98      0x468 
 *(.drv_reg_t)
 .drv_reg_t     0xc0052000      0xb98 objs/ext/imx307/imx307_attr.o
                0xc0052000                Drv_Reg_Init_imx290_t
                0xc0053000                . = ABSOLUTE (_DRV_REG_A_START)
 *fill*         0xc0052b98      0x468 
 *(.drv_reg_a)
 .drv_reg_a     0xc0053000      0xb98 objs/ext/imx307/imx307_attr.o
                0xc0053000                Drv_Reg_Init_imx290_a
                0xc0054000                . = ABSOLUTE (_DRV_REG_C_START)
 *fill*         0xc0053b98      0x468 
 *(.drv_reg_c)
 .drv_reg_c     0xc0054000      0xb98 objs/ext/imx307/imx307_attr.o
                0xc0054000                Drv_Reg_Init_imx290_c
                0xc0055000                . = ABSOLUTE (_DRV_TAB_B_START)
 *fill*         0xc0054b98      0x468 
 *(.drv_table_b)
                0xc0056000                . = ABSOLUTE (_DRV_TAB_T_START)
 *fill*         0xc0055000     0x1000 
 *(.drv_table_t)
                0xc0057000                . = ABSOLUTE (_DRV_TAB_A_START)
 *fill*         0xc0056000     0x1000 
 *(.drv_table_a)
                0xc0058000                . = ABSOLUTE (_DRV_TAB_C_START)
 *fill*         0xc0057000     0x1000 
 *(.drv_table_c)
                0xc0059000                . = ABSOLUTE (_DRV_TAB_END)
 *fill*         0xc0058000     0x1000 
 *(.drv_table_end)

.osd_data       0xc07c0000    0x25000
                0xc07c0000                . = ABSOLUTE (_OSD_STREAM_START)
 *(.osd_streams)
 .osd_streams   0xc07c0000     0x1000 lib/libtosd.a(osd_stream.o)
                0xc07c0000                StmData
                0xc07c1000                . = ABSOLUTE (_OSD_LANGUAGE_START)
 *(.osd_language)
                0xc07c7000                . = ABSOLUTE (_OSD_FONT_START)
 *fill*         0xc07c1000     0x6000 
 *(.osd_font)
                0xc07e5000                . = ABSOLUTE (_OSD_GRAPH_START)
 *fill*         0xc07c7000    0x1e000 
 *(.osd_graph)

.stab
 *(.stab)

.stabstr
 *(.stabstr)

.stab.excl
 *(.stab.excl)

.stab.exclstr
 *(.stab.exclstr)

.stab.index
 *(.stab.index)

.stab.indexstr
 *(.stab.indexstr)

.comment        0x00000000       0x3d
 *(.comment)
 .comment       0x00000000       0x3d objs/ext/clk_cfg.o
                                 0x3e (size before relaxing)
 .comment       0x0000003d       0x3e objs/ext/format_ctrl.o
 .comment       0x0000003d       0x3e objs/ext/sensor_common.o
 .comment       0x0000003d       0x3e objs/ext/status_osd.o
 .comment       0x0000003d       0x3e objs/ext/xmi_distance_adaptive.o
 .comment       0x0000003d       0x3e objs/ext/imx307/imx307_attr.o
 .comment       0x0000003d       0x3e objs/ext/imx307/imx307.o
 .comment       0x0000003d       0x3e lib/libdriver.a(I2C.o)
 .comment       0x0000003d       0x3e lib/libdriver.a(sadc.o)
 .comment       0x0000003d       0x3e lib/libisp.a(ae_ctrl.o)
 .comment       0x0000003d       0x3e lib/libisp.a(stat.o)
 .comment       0x0000003d       0x3e lib/libisp.a(wdr_ctrl.o)
 .comment       0x0000003d       0x3e lib/libsys.a(interrupt.o)
 .comment       0x0000003d       0x3e lib/libsys.a(main.o)
 .comment       0x0000003d       0x3e lib/libsys.a(memoryload.o)
 .comment       0x0000003d       0x3e lib/libsys.a(rx_run.o)
 .comment       0x0000003d       0x3e lib/libmisc.a(alg.o)
 .comment       0x0000003d       0x3e lib/libmisc.a(command.o)
 .comment       0x0000003d       0x3e lib/libmisc.a(crc.o)
 .comment       0x0000003d       0x3e lib/libmisc.a(dbgif.o)
 .comment       0x0000003d       0x3e lib/libmisc.a(drv_isp.o)
 .comment       0x0000003d       0x3e lib/libmisc.a(fhprintf.o)
 .comment       0x0000003d       0x3e lib/libmisc.a(fifo.o)
 .comment       0x0000003d       0x3e lib/libmisc.a(isp_common.o)
 .comment       0x0000003d       0x3e lib/libmisc.a(misc.o)
 .comment       0x0000003d       0x3e lib/libmisc.a(tab.o)
 .comment       0x0000003d       0x3e lib/libmisc.a(txrx.o)
 .comment       0x0000003d       0x3e lib/libmisc.a(txrx_handle.o)
 .comment       0x0000003d       0x3e lib/libmisc.a(udelay.o)
 .comment       0x0000003d       0x3e lib/libtosd.a(osd_main.o)
 .comment       0x0000003d       0x3e lib/libtosd.a(osd_screen.o)
 .comment       0x0000003d       0x3e lib/libtosd.a(osd_stream.o)
 .comment       0x0000003d       0x3e lib/libtosd.a(user_font.o)
 .comment       0x0000003d       0x3e lib/libtosd.a(user_interface.o)
 .comment       0x0000003d       0x3e lib/libtosd.a(dirty_interface.o)
 .comment       0x0000003d       0x3e lib/libtosd.a(osd_driver.o)
 .comment       0x0000003d       0x3e lib/libtosd.a(osd_font.o)
 .comment       0x0000003d       0x3e lib/libtosd.a(osd_highlight.o)
 .comment       0x0000003d       0x3e lib/libvsprintf.a(vsprintf.o)
 .comment       0x0000003d       0x3e lib/libvsprintf.a(ctype.o)
 .comment       0x0000003d       0x3e lib/libvsprintf.a(div64.o)
 .comment       0x0000003d       0x3e lib/libevent.a(event_module_ex.o)
 .comment       0x0000003d       0x3e lib/libevent.a(osd_event_ex.o)
 .comment       0x0000003d       0x3e lib/libevent.a(osd_timer_ex.o)
 .comment       0x0000003d       0x3e lib/libvideobuf.a(buf_switch_cfg.o)
 .comment       0x0000003d       0x3e lib/libvideobuf.a(triple_video_buf.o)
 .comment       0x0000003d       0x3e lib/libvideobuf.a(video_buf.o)
 .comment       0x0000003d       0x3e lib/libdriver.a(fh_timer.o)
 .comment       0x0000003d       0x3e lib/libdriver.a(flash_mem.o)
 .comment       0x0000003d       0x3e lib/libdriver.a(mipi.o)
 .comment       0x0000003d       0x3e lib/libdriver.a(pmu.o)
 .comment       0x0000003d       0x3e lib/libdriver.a(pwm.o)
 .comment       0x0000003d       0x3e lib/libdriver.a(spi.o)
 .comment       0x0000003d       0x3e lib/libdriver.a(uart.o)
 .comment       0x0000003d       0x3e lib/libdriver.a(gpio.o)
 .comment       0x0000003d       0x3e lib/libisp.a(af_sharpness_ctrl.o)
 .comment       0x0000003d       0x3e lib/libisp.a(apc_ctrl.o)
 .comment       0x0000003d       0x3e lib/libisp.a(awb_ctrl.o)
 .comment       0x0000003d       0x3e lib/libisp.a(blc_ctrl.o)
 .comment       0x0000003d       0x3e lib/libisp.a(ccm_ctrl.o)
 .comment       0x0000003d       0x3e lib/libisp.a(cnr_ctrl.o)
 .comment       0x0000003d       0x3e lib/libisp.a(dpc_ctrl.o)
 .comment       0x0000003d       0x3e lib/libisp.a(gamma_ctrl.o)
 .comment       0x0000003d       0x3e lib/libisp.a(gb_ctrl.o)
 .comment       0x0000003d       0x3e lib/libisp.a(irc_ctrl.o)
 .comment       0x0000003d       0x3e lib/libisp.a(lc_ctrl.o)
 .comment       0x0000003d       0x3e lib/libisp.a(ltm_ctrl.o)
 .comment       0x0000003d       0x3e lib/libisp.a(md_ctrl.o)
 .comment       0x0000003d       0x3e lib/libisp.a(nr2d_ctrl.o)
 .comment       0x0000003d       0x3e lib/libisp.a(nr3d_ctrl.o)
 .comment       0x0000003d       0x3e lib/libisp.a(shield_ctrl.o)
 .comment       0x0000003d       0x3e lib/libisp.a(yc_ctrl.o)
 .comment       0x0000003d       0x3e lib/libisp.a(ynr_ctrl.o)
 .comment       0x0000003d       0x3e lib/libsys.a(fh_libc.o)
 .comment       0x0000003d       0x3e /home/fullhan/toolchain/arc-fullhan-elf32/bin/../lib/gcc/arc-fullhan-elf32/4.8.5/libgcc.a(_lshrdi3.o)
 .comment       0x0000003d       0x3e /home/fullhan/toolchain/arc-fullhan-elf32/bin/../lib/gcc/arc-fullhan-elf32/4.8.5/libgcc.a(_divdi3.o)
 .comment       0x0000003d       0x3e /home/fullhan/toolchain/arc-fullhan-elf32/bin/../lib/gcc/arc-fullhan-elf32/4.8.5/libgcc.a(_udivdi3.o)
 .comment       0x0000003d       0x3e /home/fullhan/toolchain/arc-fullhan-elf32/bin/../lib/gcc/arc-fullhan-elf32/4.8.5/libgcc.a(fp-bit.o)
 .comment       0x0000003d       0x3e /home/fullhan/toolchain/arc-fullhan-elf32/bin/../lib/gcc/arc-fullhan-elf32/4.8.5/libgcc.a(dp-bit.o)
 .comment       0x0000003d       0x3e /home/fullhan/toolchain/arc-fullhan-elf32/bin/../lib/gcc/arc-fullhan-elf32/4.8.5/libgcc.a(_ashldi3.o)
 .comment       0x0000003d       0x3e /home/fullhan/toolchain/arc-fullhan-elf32/bin/../lib/gcc/arc-fullhan-elf32/4.8.5/libgcc.a(_clz.o)

.debug
 *(.debug)

.line
 *(.line)

.debug_srcinfo
 *(.debug_srcinfo)

.debug_sfnames
 *(.debug_sfnames)

.debug_aranges  0x00000000      0x370
 *(.debug_aranges)
 .debug_aranges
                0x00000000       0x20 /home/fullhan/toolchain/arc-fullhan-elf32/bin/../lib/gcc/arc-fullhan-elf32/4.8.5/libgcc.a(_mulsi3.o)
 .debug_aranges
                0x00000020       0x20 /home/fullhan/toolchain/arc-fullhan-elf32/bin/../lib/gcc/arc-fullhan-elf32/4.8.5/libgcc.a(_umulsidi3.o)
 .debug_aranges
                0x00000040       0x20 /home/fullhan/toolchain/arc-fullhan-elf32/bin/../lib/gcc/arc-fullhan-elf32/4.8.5/libgcc.a(_udivsi3.o)
 .debug_aranges
                0x00000060       0x20 /home/fullhan/toolchain/arc-fullhan-elf32/bin/../lib/gcc/arc-fullhan-elf32/4.8.5/libgcc.a(_divsi3.o)
 .debug_aranges
                0x00000080       0x20 /home/fullhan/toolchain/arc-fullhan-elf32/bin/../lib/gcc/arc-fullhan-elf32/4.8.5/libgcc.a(_umodsi3.o)
 .debug_aranges
                0x000000a0       0x20 /home/fullhan/toolchain/arc-fullhan-elf32/bin/../lib/gcc/arc-fullhan-elf32/4.8.5/libgcc.a(_modsi3.o)
 .debug_aranges
                0x000000c0       0x20 /home/fullhan/toolchain/arc-fullhan-elf32/bin/../lib/gcc/arc-fullhan-elf32/4.8.5/libgcc.a(_divmod_tools.o)
 .debug_aranges
                0x000000e0       0x20 /home/fullhan/toolchain/arc-fullhan-elf32/bin/../lib/gcc/arc-fullhan-elf32/4.8.5/libgcc.a(_lshrdi3.o)
 .debug_aranges
                0x00000100       0x20 /home/fullhan/toolchain/arc-fullhan-elf32/bin/../lib/gcc/arc-fullhan-elf32/4.8.5/libgcc.a(_divdi3.o)
 .debug_aranges
                0x00000120       0x20 /home/fullhan/toolchain/arc-fullhan-elf32/bin/../lib/gcc/arc-fullhan-elf32/4.8.5/libgcc.a(_udivdi3.o)
 .debug_aranges
                0x00000140       0xc8 /home/fullhan/toolchain/arc-fullhan-elf32/bin/../lib/gcc/arc-fullhan-elf32/4.8.5/libgcc.a(fp-bit.o)
 .debug_aranges
                0x00000208       0xd0 /home/fullhan/toolchain/arc-fullhan-elf32/bin/../lib/gcc/arc-fullhan-elf32/4.8.5/libgcc.a(dp-bit.o)
 .debug_aranges
                0x000002d8       0x20 /home/fullhan/toolchain/arc-fullhan-elf32/bin/../lib/gcc/arc-fullhan-elf32/4.8.5/libgcc.a(_clzsi2.o)
 .debug_aranges
                0x000002f8       0x20 /home/fullhan/toolchain/arc-fullhan-elf32/bin/../lib/gcc/arc-fullhan-elf32/4.8.5/libgcc.a(_ashldi3.o)
 .debug_aranges
                0x00000318       0x18 /home/fullhan/toolchain/arc-fullhan-elf32/bin/../lib/gcc/arc-fullhan-elf32/4.8.5/libgcc.a(_clz.o)
 .debug_aranges
                0x00000330       0x20 /home/fullhan/toolchain/arc-fullhan-elf32/bin/../lib/gcc/arc-fullhan-elf32/4.8.5/../../../../arc-fullhan-elf32/lib/libc.a(lib_a-memcpy-bs.o)
 .debug_aranges
                0x00000350       0x20 /home/fullhan/toolchain/arc-fullhan-elf32/bin/../lib/gcc/arc-fullhan-elf32/4.8.5/../../../../arc-fullhan-elf32/lib/libc.a(lib_a-memset-bs.o)

.debug_pubnames
 *(.debug_pubnames)

.debug_info     0x00000000     0x4063
 *(.debug_info .gnu.linkonce.wi.*)
 .debug_info    0x00000000       0xce /home/fullhan/toolchain/arc-fullhan-elf32/bin/../lib/gcc/arc-fullhan-elf32/4.8.5/libgcc.a(_mulsi3.o)
 .debug_info    0x000000ce       0xce /home/fullhan/toolchain/arc-fullhan-elf32/bin/../lib/gcc/arc-fullhan-elf32/4.8.5/libgcc.a(_umulsidi3.o)
 .debug_info    0x0000019c       0xce /home/fullhan/toolchain/arc-fullhan-elf32/bin/../lib/gcc/arc-fullhan-elf32/4.8.5/libgcc.a(_udivsi3.o)
 .debug_info    0x0000026a       0xce /home/fullhan/toolchain/arc-fullhan-elf32/bin/../lib/gcc/arc-fullhan-elf32/4.8.5/libgcc.a(_divsi3.o)
 .debug_info    0x00000338       0xce /home/fullhan/toolchain/arc-fullhan-elf32/bin/../lib/gcc/arc-fullhan-elf32/4.8.5/libgcc.a(_umodsi3.o)
 .debug_info    0x00000406       0xce /home/fullhan/toolchain/arc-fullhan-elf32/bin/../lib/gcc/arc-fullhan-elf32/4.8.5/libgcc.a(_modsi3.o)
 .debug_info    0x000004d4       0xce /home/fullhan/toolchain/arc-fullhan-elf32/bin/../lib/gcc/arc-fullhan-elf32/4.8.5/libgcc.a(_divmod_tools.o)
 .debug_info    0x000005a2      0x1a4 /home/fullhan/toolchain/arc-fullhan-elf32/bin/../lib/gcc/arc-fullhan-elf32/4.8.5/libgcc.a(_lshrdi3.o)
 .debug_info    0x00000746      0x727 /home/fullhan/toolchain/arc-fullhan-elf32/bin/../lib/gcc/arc-fullhan-elf32/4.8.5/libgcc.a(_divdi3.o)
 .debug_info    0x00000e6d      0x6ee /home/fullhan/toolchain/arc-fullhan-elf32/bin/../lib/gcc/arc-fullhan-elf32/4.8.5/libgcc.a(_udivdi3.o)
 .debug_info    0x0000155b     0x1264 /home/fullhan/toolchain/arc-fullhan-elf32/bin/../lib/gcc/arc-fullhan-elf32/4.8.5/libgcc.a(fp-bit.o)
 .debug_info    0x000027bf     0x13a5 /home/fullhan/toolchain/arc-fullhan-elf32/bin/../lib/gcc/arc-fullhan-elf32/4.8.5/libgcc.a(dp-bit.o)